*** EVALUATION ***
PROGRAM "tp3cdymc.abs"

*********************************************************************************************
TARGET SECTION
---------------------------------------------------------------------------------------------
Processor   : Freescale HC08
Memory Model: SMALL
File Format : ELF\DWARF 2.0
Linker      : SmartLinker V-5.0.41 Build 11006, Jan  7 2011

*********************************************************************************************
FILE SECTION
---------------------------------------------------------------------------------------------
MCUinit_c.obj                           Model: SMALL,         Lang: ANSI-C
MEF_c.obj                               Model: SMALL,         Lang: ANSI-C
SCI_c.obj                               Model: SMALL,         Lang: ANSI-C
Sonido_c.obj                            Model: SMALL,         Lang: ANSI-C
interaccion_c.obj                       Model: SMALL,         Lang: ANSI-C
main_c.obj                              Model: SMALL,         Lang: ANSI-C
start08_c.obj                           Model: SMALL,         Lang: ANSI-C
mc9s08sh8_c.obj                         Model: SMALL,         Lang: ANSI-C
rtshc08.o (ansiis.lib)                  Model: SMALL,         Lang: ANSI-C
stdlib.o (ansiis.lib)                   Model: SMALL,         Lang: ANSI-C

*********************************************************************************************
STARTUP SECTION
---------------------------------------------------------------------------------------------
Entry point: 0xE07B (_Startup)
_startupData is allocated at 0xE084 and uses 6 Bytes
extern struct _tagStartup {
  unsigned nofZeroOut     1
  _Range   pZeroOut       0x100     137
  _Copy    *toCopyDownBeg 0xEBEE
} _startupData;

*********************************************************************************************
SECTION-ALLOCATION SECTION
Section Name                    Size  Type     From       To       Segment
---------------------------------------------------------------------------------------------
.data                             16   R/W      0x100      0x10F   RAM
.init                            132     R     0xE000     0xE083   ROM
.startData                        14     R     0xE084     0xE091   ROM
.rodata1                         934     R     0xE092     0xE437   ROM
.text                           1974     R     0xE438     0xEBED   ROM
.copy                             22     R     0xEBEE     0xEC03   ROM
.abs_section_ffbd                  1     R     0xFFBD     0xFFBD   .absSeg0
.abs_section_ffbf                  1     R     0xFFBF     0xFFBF   .absSeg1
.abs_section_ffc0                 64     R     0xFFC0     0xFFFF   .absSeg2
.abs_section_0                     1   N/I        0x0        0x0   .absSeg3
.abs_section_1                     1   N/I        0x1        0x1   .absSeg4
.abs_section_2                     1   N/I        0x2        0x2   .absSeg5
.abs_section_3                     1   N/I        0x3        0x3   .absSeg6
.abs_section_4                     1   N/I        0x4        0x4   .absSeg7
.abs_section_5                     1   N/I        0x5        0x5   .absSeg8
.abs_section_e                     1   N/I        0xE        0xE   .absSeg9
.abs_section_10                    1   N/I       0x10       0x10   .absSeg10
.abs_section_11                    1   N/I       0x11       0x11   .absSeg11
.abs_section_16                    1   N/I       0x16       0x16   .absSeg12
.abs_section_17                    1   N/I       0x17       0x17   .absSeg13
.abs_section_18                    1   N/I       0x18       0x18   .absSeg14
.abs_section_1a                    1   N/I       0x1A       0x1A   .absSeg15
.abs_section_1c                    1   N/I       0x1C       0x1C   .absSeg16
.abs_section_1d                    1   N/I       0x1D       0x1D   .absSeg17
.abs_section_1e                    1   N/I       0x1E       0x1E   .absSeg18
.abs_section_1f                    1   N/I       0x1F       0x1F   .absSeg19
.abs_section_20                    1   N/I       0x20       0x20   .absSeg20
.abs_section_25                    1   N/I       0x25       0x25   .absSeg21
.abs_section_28                    1   N/I       0x28       0x28   .absSeg22
.abs_section_3a                    1   N/I       0x3A       0x3A   .absSeg23
.abs_section_3b                    1   N/I       0x3B       0x3B   .absSeg24
.abs_section_3c                    1   N/I       0x3C       0x3C   .absSeg25
.abs_section_3d                    1   N/I       0x3D       0x3D   .absSeg26
.abs_section_3e                    1   N/I       0x3E       0x3E   .absSeg27
.abs_section_3f                    1   N/I       0x3F       0x3F   .absSeg28
.abs_section_48                    1   N/I       0x48       0x48   .absSeg29
.abs_section_49                    1   N/I       0x49       0x49   .absSeg30
.abs_section_4a                    1   N/I       0x4A       0x4A   .absSeg31
.abs_section_4b                    1   N/I       0x4B       0x4B   .absSeg32
.abs_section_50                    1   N/I       0x50       0x50   .absSeg33
.abs_section_51                    1   N/I       0x51       0x51   .absSeg34
.abs_section_52                    1   N/I       0x52       0x52   .absSeg35
.abs_section_53                    1   N/I       0x53       0x53   .absSeg36
.abs_section_55                    1   N/I       0x55       0x55   .absSeg37
.abs_section_58                    1   N/I       0x58       0x58   .absSeg38
.abs_section_59                    1   N/I       0x59       0x59   .absSeg39
.abs_section_5a                    1   N/I       0x5A       0x5A   .absSeg40
.abs_section_5b                    1   N/I       0x5B       0x5B   .absSeg41
.abs_section_5c                    1   N/I       0x5C       0x5C   .absSeg42
.abs_section_5d                    1   N/I       0x5D       0x5D   .absSeg43
.abs_section_60                    1   N/I       0x60       0x60   .absSeg44
.abs_section_65                    1   N/I       0x65       0x65   .absSeg45
.abs_section_68                    1   N/I       0x68       0x68   .absSeg46
.abs_section_6c                    1   N/I       0x6C       0x6C   .absSeg47
.abs_section_6d                    1   N/I       0x6D       0x6D   .absSeg48
.abs_section_6e                    1   N/I       0x6E       0x6E   .absSeg49
.abs_section_1800                  1   N/I     0x1800     0x1800   .absSeg50
.abs_section_1801                  1   N/I     0x1801     0x1801   .absSeg51
.abs_section_1802                  1   N/I     0x1802     0x1802   .absSeg52
.abs_section_1803                  1   N/I     0x1803     0x1803   .absSeg53
.abs_section_1809                  1   N/I     0x1809     0x1809   .absSeg54
.abs_section_180a                  1   N/I     0x180A     0x180A   .absSeg55
.abs_section_1816                  1   N/I     0x1816     0x1816   .absSeg56
.abs_section_1817                  1   N/I     0x1817     0x1817   .absSeg57
.abs_section_1818                  1   N/I     0x1818     0x1818   .absSeg58
.abs_section_1820                  1   N/I     0x1820     0x1820   .absSeg59
.abs_section_1821                  1   N/I     0x1821     0x1821   .absSeg60
.abs_section_1823                  1   N/I     0x1823     0x1823   .absSeg61
.abs_section_1824                  1   N/I     0x1824     0x1824   .absSeg62
.abs_section_1825                  1   N/I     0x1825     0x1825   .absSeg63
.abs_section_1826                  1   N/I     0x1826     0x1826   .absSeg64
.abs_section_1840                  1   N/I     0x1840     0x1840   .absSeg65
.abs_section_1841                  1   N/I     0x1841     0x1841   .absSeg66
.abs_section_1842                  1   N/I     0x1842     0x1842   .absSeg67
.abs_section_1844                  1   N/I     0x1844     0x1844   .absSeg68
.abs_section_1845                  1   N/I     0x1845     0x1845   .absSeg69
.abs_section_1846                  1   N/I     0x1846     0x1846   .absSeg70
.abs_section_1848                  1   N/I     0x1848     0x1848   .absSeg71
.abs_section_1849                  1   N/I     0x1849     0x1849   .absSeg72
.abs_section_184a                  1   N/I     0x184A     0x184A   .absSeg73
.abs_section_184c                  1   N/I     0x184C     0x184C   .absSeg74
.abs_section_184d                  1   N/I     0x184D     0x184D   .absSeg75
.abs_section_184e                  1   N/I     0x184E     0x184E   .absSeg76
.abs_section_1850                  1   N/I     0x1850     0x1850   .absSeg77
.abs_section_1851                  1   N/I     0x1851     0x1851   .absSeg78
.abs_section_1852                  1   N/I     0x1852     0x1852   .absSeg79
.abs_section_1853                  1   N/I     0x1853     0x1853   .absSeg80
.abs_section_12                    2   N/I       0x12       0x13   .absSeg81
.abs_section_14                    2   N/I       0x14       0x15   .absSeg82
.abs_section_21                    2   N/I       0x21       0x22   .absSeg83
.abs_section_23                    2   N/I       0x23       0x24   .absSeg84
.abs_section_26                    2   N/I       0x26       0x27   .absSeg85
.abs_section_29                    2   N/I       0x29       0x2A   .absSeg86
.abs_section_38                    2   N/I       0x38       0x39   .absSeg87
.abs_section_61                    2   N/I       0x61       0x62   .absSeg88
.abs_section_63                    2   N/I       0x63       0x64   .absSeg89
.abs_section_66                    2   N/I       0x66       0x67   .absSeg90
.abs_section_69                    2   N/I       0x69       0x6A   .absSeg91
.abs_section_1806                  2   N/I     0x1806     0x1807   .absSeg92
.abs_section_1810                  2   N/I     0x1810     0x1811   .absSeg93
.abs_section_1812                  2   N/I     0x1812     0x1813   .absSeg94
.abs_section_1814                  2   N/I     0x1814     0x1815   .absSeg95
.bss                             114   R/W      0x110      0x181   RAM
.common                            7   R/W      0x182      0x188   RAM
.stack                            64   R/W      0x189      0x1C8   RAM

Summary of section sizes per section type:
READ_ONLY (R):         C46 (dec:     3142)
READ_WRITE (R/W):       C9 (dec:      201)
NO_INIT (N/I):          6C (dec:      108)

*********************************************************************************************
VECTOR-ALLOCATION SECTION
    Address     InitValue   InitFunction
---------------------------------------------------------------------------------------------

*********************************************************************************************
OBJECT-ALLOCATION SECTION
     Name               Module                 Addr   hSize   dSize     Ref    Section   RLIB
---------------------------------------------------------------------------------------------
MODULE:                 -- MCUinit_c.obj --
- PROCEDURES:
     MCU_init                                  E438      81     129       1   .text       
     isrVscitx                                 E4B9       9       9       1   .text       
     isrVscirx                                 E4C2       6       6       1   .text       
     isrVscierr                                E4C8       1       1       1   .text       
     isrVtpm1ovf                               E4C9       1       1       1   .text       
     isrVtpm1ch1                               E4CA      1E      30       1   .text       
     isrVtpm1ch0                               E4E8      1F      31       1   .text       
- VARIABLES:
     NVPROT_INIT                               FFBD       1       1       0   .abs_section_ffbd
     NVOPT_INIT                                FFBF       1       1       0   .abs_section_ffbf
     _vect                                     FFC0      40      64       0   .abs_section_ffc0
     NC                                         182       2       2       4   .common     
     NC0                                        184       2       2       2   .common     
MODULE:                 -- MEF_c.obj --
- PROCEDURES:
     MEF_init                                  E507       B      11       6   .text       
     MEF_update                                E512      3A      58       1   .text       
     estado_init                               E54C      1A      26       1   .text       
     estado_pedir_f                            E566      31      49       1   .text       
     estado_m1_on                              E597      19      25       1   .text       
     estado_m1_off                             E5B0      19      25       1   .text       
     estado_pedir_t                            E5C9      3C      60       1   .text       
     estado_m2_on                              E605      15      21       1   .text       
     estado_m2_off                             E61A      19      25       1   .text       
     verifyFreq                                E633      25      37       1   .text       
- VARIABLES:
     actual                                     110       2       2      10   .bss        
     entrada                                    112       1       1       1   .bss        
     in.1                                       113       2       2       3   .bss        
MODULE:                 -- SCI_c.obj --
- PROCEDURES:
     SCI_send_char                             E658      20      32       1   .text       
     SCI_receive_char                          E678      3C      60       1   .text       
     SCI_write_string_to_buffer                E6B4      24      36      26   .text       
- VARIABLES:
     indexR                                     115       1       1       4   .bss        
     indexW                                     116       1       1       8   .bss        
     buffer_rx                                  117      20      32       1   .bss        
     cont                                       137       1       1       3   .bss        
     buffer_tx                                  138      20      32       2   .bss        
     flag_r                                     186       1       1       3   .common     
     flag_e                                     187       1       1       2   .common     
     rxchar                                     188       1       1       2   .common     
MODULE:                 -- Sonido_c.obj --
- PROCEDURES:
     SONIDO_init                               E6D8       3       3       1   .text       
     SONIDO_setFrecuenciaActual                E6DB       4       4       1   .text       
     SONIDO_getError                           E6DF       4       4       1   .text       
     SONIDO_siguiente_f                        E6E3      15      21       1   .text       
     SONIDO_prender_m1                         E6F8       E      14       1   .text       
     SONIDO_prender_m2                         E706      1C      28       1   .text       
     SONIDO_apagar                             E722       E      14       2   .text       
     SONIDO_reanudar                           E730      14      20       2   .text       
     SONIDO_calcular_NC                        E744      58      88       3   .text       
     SONIDO_calcular_NC0                       E79C      2E      46       1   .text       
- VARIABLES:
     frecuenciaActual                           158       2       2       7   .bss        
     errorDeReproduccion                        15A       2       2       2   .bss        
     modoActual                                 15C       1       1       3   .bss        
     TPM1C1V_aux                                15D       2       2       4   .bss        
MODULE:                 -- interaccion_c.obj --
- PROCEDURES:
     INTERACCION_init                          E7CA      24      36       1   .text       
     INTERACCION_default                       E7EE      1E      30       2   .text       
     INTERACCION_askF                          E80C      12      18       1   .text       
     INTERACCION_askB                          E81E      24      36       1   .text       
     INTERACCION_showB                         E842       6       6       3   .text       
     INTERACCION_showF                         E848       6       6       1   .text       
     INTERACCION_showEBF                       E84E       C      12       1   .text       
     INTERACCION_showEF                        E85A       C      12       1   .text       
     INTERACCION_analizeInput                  E866      49      73       1   .text       
     INTERACCION_getInput                      E8AF      B6     182       1   .text       
     INTERACCION_getFreq                       E965      3B      59       1   .text       
     numero                                    E9A0       B      11       2   .text       
     letra                                     E9AB       6       6       1   .text       
- VARIABLES:
     STRING...BIENVENIDOS.AL.PRO.1             E092      1A      26       1   .rodata1    
     STRING...ESCOGER.MODO.DE.FU.2             E0AC      22      34       1   .rodata1    
     STRING....Modo.F..Sonido.de.3             E0CE      25      37       1   .rodata1    
     STRING....Modo.B..Barrido.d.4             E0F3      22      34       1   .rodata1    
     STRING....ingresar.la.letra.5             E115      36      54       1   .rodata1    
     STRING....para.confirmar.pr.6             E14B      22      34       1   .rodata1    
     STRING...DESDE.ESTE.MOMENTO.7             E16D      47      71       1   .rodata1    
     STRING....ON..Iniciar.repro.8             E1B4      26      38       1   .rodata1    
     STRING....OFF..Detener.repr.9             E1DA      27      39       1   .rodata1    
     STRING....RESET..Reiniciar..10            E201      1D      29       1   .rodata1    
     STRING.....para.confirmar.p.11            E21E      23      35       1   .rodata1    
     STRING...INGRESAR.LA.FRECUE.12            E241      37      55       1   .rodata1    
     STRING....Rango.de.frecuenc.13            E278      4A      74       1   .rodata1    
     STRING.....para.confirmar.p.14            E2C2      23      35       1   .rodata1    
     STRING...INGRESE.EL.MODO.DE.15            E2E5      28      40       1   .rodata1    
     STRING....T1..5.seg.16                    E30D       D      13       1   .rodata1    
     STRING....T2..10.seg.17                   E31A       E      14       1   .rodata1    
     STRING....T3..15.seg.18                   E328       E      14       1   .rodata1    
     STRING....ingresar.el.n.mer.19            E336      3B      59       1   .rodata1    
     STRING.....para.confirmar.p.20            E371      23      35       1   .rodata1    
     STRING....OPCION.GUARDADA.21              E394      13      19       1   .rodata1    
     STRING....FRECUENCIA.GUARDA.22            E3A7      17      23       1   .rodata1    
     STRING....ERROR..DEMASIADAS.24            E3BE      28      40       1   .rodata1    
     STRING....Comience.nuevamen.25            E3E6      17      23       1   .rodata1    
     STRING....ERROR..FRECUENCIA.28            E3FD      24      36       1   .rodata1    
     STRING....Comience.nuevamen.29            E421      17      23       1   .rodata1    
     comandos.30                                100      10      16       1   .data       
     flag_n                                     15F       1       1       5   .bss        
     rxc                                        160       1       1       3   .bss        
     indexR                                     161       1       1       5   .bss        
     buffer_rx                                  162      20      32      21   .bss        
MODULE:                 -- main_c.obj --
- PROCEDURES:
     main                                      E9B1      26      38       1   .text       
- VARIABLES:
MODULE:                 -- start08_c.obj --
- PROCEDURES:
     loadByte                                  E000       E      14       5   .init       
     Init                                      E00E      6D     109       1   .init       
     _Startup                                  E07B       9       9       1   .init       
- VARIABLES:
     _startupData                              E084       6       6       4   .startData  
- LABELS:
     __SEG_END_SSTACK                           1C9       0       0       1               
MODULE:                 -- mc9s08sh8_c.obj --
- PROCEDURES:
- VARIABLES:
     _PTAD                                        0       1       1       0   .abs_section_0
     _PTADD                                       1       1       1       0   .abs_section_1
     _PTBD                                        2       1       1       0   .abs_section_2
     _PTBDD                                       3       1       1       0   .abs_section_3
     _PTCD                                        4       1       1       0   .abs_section_4
     _PTCDD                                       5       1       1       0   .abs_section_5
     _ACMPSC                                      E       1       1       0   .abs_section_e
     _ADCSC1                                     10       1       1       0   .abs_section_10
     _ADCSC2                                     11       1       1       0   .abs_section_11
     _ADCCFG                                     16       1       1       0   .abs_section_16
     _APCTL1                                     17       1       1       0   .abs_section_17
     _APCTL2                                     18       1       1       0   .abs_section_18
     _IRQSC                                      1A       1       1       0   .abs_section_1a
     _MTIMSC                                     1C       1       1       0   .abs_section_1c
     _MTIMCLK                                    1D       1       1       0   .abs_section_1d
     _MTIMCNT                                    1E       1       1       0   .abs_section_1e
     _MTIMMOD                                    1F       1       1       0   .abs_section_1f
     _TPM1SC                                     20       1       1       3   .abs_section_20
     _TPM1C0SC                                   25       1       1       5   .abs_section_25
     _TPM1C1SC                                   28       1       1       5   .abs_section_28
     _SCIC1                                      3A       1       1       1   .abs_section_3a
     _SCIC2                                      3B       1       1       4   .abs_section_3b
     _SCIS1                                      3C       1       1       3   .abs_section_3c
     _SCIS2                                      3D       1       1       1   .abs_section_3d
     _SCIC3                                      3E       1       1       1   .abs_section_3e
     _SCID                                       3F       1       1       3   .abs_section_3f
     _ICSC1                                      48       1       1       1   .abs_section_48
     _ICSC2                                      49       1       1       1   .abs_section_49
     _ICSTRM                                     4A       1       1       1   .abs_section_4a
     _ICSSC                                      4B       1       1       2   .abs_section_4b
     _SPIC1                                      50       1       1       0   .abs_section_50
     _SPIC2                                      51       1       1       0   .abs_section_51
     _SPIBR                                      52       1       1       0   .abs_section_52
     _SPIS                                       53       1       1       0   .abs_section_53
     _SPID                                       55       1       1       0   .abs_section_55
     _IICA                                       58       1       1       0   .abs_section_58
     _IICF                                       59       1       1       0   .abs_section_59
     _IICC1                                      5A       1       1       0   .abs_section_5a
     _IICS                                       5B       1       1       0   .abs_section_5b
     _IICD                                       5C       1       1       0   .abs_section_5c
     _IICC2                                      5D       1       1       0   .abs_section_5d
     _TPM2SC                                     60       1       1       0   .abs_section_60
     _TPM2C0SC                                   65       1       1       0   .abs_section_65
     _TPM2C1SC                                   68       1       1       0   .abs_section_68
     _RTCSC                                      6C       1       1       0   .abs_section_6c
     _RTCCNT                                     6D       1       1       0   .abs_section_6d
     _RTCMOD                                     6E       1       1       0   .abs_section_6e
     _SRS                                      1800       1       1       0   .abs_section_1800
     _SBDFR                                    1801       1       1       0   .abs_section_1801
     _SOPT1                                    1802       1       1       1   .abs_section_1802
     _SOPT2                                    1803       1       1       1   .abs_section_1803
     _SPMSC1                                   1809       1       1       1   .abs_section_1809
     _SPMSC2                                   180A       1       1       1   .abs_section_180a
     _DBGC                                     1816       1       1       0   .abs_section_1816
     _DBGT                                     1817       1       1       0   .abs_section_1817
     _DBGS                                     1818       1       1       0   .abs_section_1818
     _FCDIV                                    1820       1       1       0   .abs_section_1820
     _FOPT                                     1821       1       1       0   .abs_section_1821
     _FCNFG                                    1823       1       1       0   .abs_section_1823
     _FPROT                                    1824       1       1       0   .abs_section_1824
     _FSTAT                                    1825       1       1       0   .abs_section_1825
     _FCMD                                     1826       1       1       0   .abs_section_1826
     _PTAPE                                    1840       1       1       0   .abs_section_1840
     _PTASE                                    1841       1       1       1   .abs_section_1841
     _PTADS                                    1842       1       1       1   .abs_section_1842
     _PTASC                                    1844       1       1       0   .abs_section_1844
     _PTAPS                                    1845       1       1       0   .abs_section_1845
     _PTAES                                    1846       1       1       0   .abs_section_1846
     _PTBPE                                    1848       1       1       0   .abs_section_1848
     _PTBSE                                    1849       1       1       1   .abs_section_1849
     _PTBDS                                    184A       1       1       1   .abs_section_184a
     _PTBSC                                    184C       1       1       0   .abs_section_184c
     _PTBPS                                    184D       1       1       0   .abs_section_184d
     _PTBES                                    184E       1       1       0   .abs_section_184e
     _PTCPE                                    1850       1       1       1   .abs_section_1850
     _PTCSE                                    1851       1       1       1   .abs_section_1851
     _PTCDS                                    1852       1       1       1   .abs_section_1852
     _GNGC                                     1853       1       1       1   .abs_section_1853
     _ADCR                                       12       2       2       0   .abs_section_12
     _ADCCV                                      14       2       2       0   .abs_section_14
     _TPM1CNT                                    21       2       2       0   .abs_section_21
     _TPM1MOD                                    23       2       2       1   .abs_section_23
     _TPM1C0V                                    26       2       2       3   .abs_section_26
     _TPM1C1V                                    29       2       2       6   .abs_section_29
     _SCIBD                                      38       2       2       2   .abs_section_38
     _TPM2CNT                                    61       2       2       0   .abs_section_61
     _TPM2MOD                                    63       2       2       0   .abs_section_63
     _TPM2C0V                                    66       2       2       0   .abs_section_66
     _TPM2C1V                                    69       2       2       0   .abs_section_69
     _SDID                                     1806       2       2       0   .abs_section_1806
     _DBGCA                                    1810       2       2       0   .abs_section_1810
     _DBGCB                                    1812       2       2       0   .abs_section_1812
     _DBGF                                     1814       2       2       0   .abs_section_1814
MODULE:                 -- rtshc08.o (ansiis.lib) --
- PROCEDURES:
     _PUSH_ARGS_L                              E9D7      20      32       1   .text       
     _ENTER_UNARY_L                            E9F7      29      41       1   .text       
     _ENTER_BINARY_L_LC                        EA20      1A      26       1   .text       
     _IDIVMOD                                  EA3A      69     105       1   .text       
     _LDIVMOD                                  EAA3      A4     164       1   .text       
     _LDIVU_k_is_k_div_j                       EB47      17      23       1   .text       
     _IMODU_STAR08                             EB5E      10      16       2   .text       
     _IMODU_8                                  EB6E      12      18       1   .text       
     _LDIVU_LC                                 EB80       6       6       3   .text       
     _LLSL                                     EB86      16      22       1   .text       
     _POP32                                    EB9C      1A      26       3   .text       
     _Jump_Table_Header_Offset                 EBB6      24      36       2   .text       
- VARIABLES:
MODULE:                 -- stdlib.o (ansiis.lib) --
- PROCEDURES:
     abs                                       EBDA      14      20       1   .text       
- VARIABLES:

*********************************************************************************************
MODULE STATISTIC
  Name                                      Data   Code  Const
---------------------------------------------------------------------------------------------
  MCUinit_c.obj                                4    207     66
  MEF_c.obj                                    5    337      0
  SCI_c.obj                                   70    128      0
  Sonido_c.obj                                 7    242      0
  interaccion_c.obj                           51    487    934
  main_c.obj                                   0     38      0
  start08_c.obj                                0    132      0
  mc9s08sh8_c.obj                            108      0      0
  rtshc08.o (ansiis.lib)                       0    515      0
  stdlib.o (ansiis.lib)                        0     20      0
  other                                       64     14     22

*********************************************************************************************
SECTION USE IN OBJECT-ALLOCATION SECTION
---------------------------------------------------------------------------------------------
SECTION: ".text"
  MCU_init isrVscitx isrVscirx isrVscierr isrVtpm1ovf isrVtpm1ch1 isrVtpm1ch0 
  MEF_init MEF_update estado_init estado_pedir_f estado_m1_on estado_m1_off 
  estado_pedir_t estado_m2_on estado_m2_off verifyFreq SCI_send_char 
  SCI_receive_char SCI_write_string_to_buffer SONIDO_init 
  SONIDO_setFrecuenciaActual SONIDO_getError SONIDO_siguiente_f 
  SONIDO_prender_m1 SONIDO_prender_m2 SONIDO_apagar SONIDO_reanudar 
  SONIDO_calcular_NC SONIDO_calcular_NC0 INTERACCION_init INTERACCION_default 
  INTERACCION_askF INTERACCION_askB INTERACCION_showB INTERACCION_showF 
  INTERACCION_showEBF INTERACCION_showEF INTERACCION_analizeInput 
  INTERACCION_getInput INTERACCION_getFreq numero letra main _PUSH_ARGS_L 
  _ENTER_UNARY_L _ENTER_BINARY_L_LC _IDIVMOD _LDIVMOD _LDIVU_k_is_k_div_j 
  _IMODU_STAR08 _IMODU_8 _LDIVU_LC _LLSL _POP32 _Jump_Table_Header_Offset abs 
SECTION: ".data"
  comandos.30 
SECTION: ".bss"
  actual entrada in.1 indexR indexW buffer_rx cont buffer_tx frecuenciaActual 
  errorDeReproduccion modoActual TPM1C1V_aux flag_n rxc indexR buffer_rx 
SECTION: ".init"
  loadByte Init _Startup 
SECTION: ".rodata1"
  STRING...BIENVENIDOS.AL.PRO.1 STRING...ESCOGER.MODO.DE.FU.2 
  STRING....Modo.F..Sonido.de.3 STRING....Modo.B..Barrido.d.4 
  STRING....ingresar.la.letra.5 STRING....para.confirmar.pr.6 
  STRING...DESDE.ESTE.MOMENTO.7 STRING....ON..Iniciar.repro.8 
  STRING....OFF..Detener.repr.9 STRING....RESET..Reiniciar..10 
  STRING.....para.confirmar.p.11 STRING...INGRESAR.LA.FRECUE.12 
  STRING....Rango.de.frecuenc.13 STRING.....para.confirmar.p.14 
  STRING...INGRESE.EL.MODO.DE.15 STRING....T1..5.seg.16 STRING....T2..10.seg.17 
  STRING....T3..15.seg.18 STRING....ingresar.el.n.mer.19 
  STRING.....para.confirmar.p.20 STRING....OPCION.GUARDADA.21 
  STRING....FRECUENCIA.GUARDA.22 STRING....ERROR..DEMASIADAS.24 
  STRING....Comience.nuevamen.25 STRING....ERROR..FRECUENCIA.28 
  STRING....Comience.nuevamen.29 
SECTION: ".abs_section_ffbd"
  NVPROT_INIT 
SECTION: ".abs_section_ffbf"
  NVOPT_INIT 
SECTION: ".abs_section_ffc0"
  _vect 
SECTION: ".common"
  NC NC0 flag_r flag_e rxchar 
SECTION: ".abs_section_0"
  _PTAD 
SECTION: ".abs_section_1"
  _PTADD 
SECTION: ".abs_section_2"
  _PTBD 
SECTION: ".abs_section_3"
  _PTBDD 
SECTION: ".abs_section_4"
  _PTCD 
SECTION: ".abs_section_5"
  _PTCDD 
SECTION: ".abs_section_e"
  _ACMPSC 
SECTION: ".abs_section_10"
  _ADCSC1 
SECTION: ".abs_section_11"
  _ADCSC2 
SECTION: ".abs_section_16"
  _ADCCFG 
SECTION: ".abs_section_17"
  _APCTL1 
SECTION: ".abs_section_18"
  _APCTL2 
SECTION: ".abs_section_1a"
  _IRQSC 
SECTION: ".abs_section_1c"
  _MTIMSC 
SECTION: ".abs_section_1d"
  _MTIMCLK 
SECTION: ".abs_section_1e"
  _MTIMCNT 
SECTION: ".abs_section_1f"
  _MTIMMOD 
SECTION: ".abs_section_20"
  _TPM1SC 
SECTION: ".abs_section_25"
  _TPM1C0SC 
SECTION: ".abs_section_28"
  _TPM1C1SC 
SECTION: ".abs_section_3a"
  _SCIC1 
SECTION: ".abs_section_3b"
  _SCIC2 
SECTION: ".abs_section_3c"
  _SCIS1 
SECTION: ".abs_section_3d"
  _SCIS2 
SECTION: ".abs_section_3e"
  _SCIC3 
SECTION: ".abs_section_3f"
  _SCID 
SECTION: ".abs_section_48"
  _ICSC1 
SECTION: ".abs_section_49"
  _ICSC2 
SECTION: ".abs_section_4a"
  _ICSTRM 
SECTION: ".abs_section_4b"
  _ICSSC 
SECTION: ".abs_section_50"
  _SPIC1 
SECTION: ".abs_section_51"
  _SPIC2 
SECTION: ".abs_section_52"
  _SPIBR 
SECTION: ".abs_section_53"
  _SPIS 
SECTION: ".abs_section_55"
  _SPID 
SECTION: ".abs_section_58"
  _IICA 
SECTION: ".abs_section_59"
  _IICF 
SECTION: ".abs_section_5a"
  _IICC1 
SECTION: ".abs_section_5b"
  _IICS 
SECTION: ".abs_section_5c"
  _IICD 
SECTION: ".abs_section_5d"
  _IICC2 
SECTION: ".abs_section_60"
  _TPM2SC 
SECTION: ".abs_section_65"
  _TPM2C0SC 
SECTION: ".abs_section_68"
  _TPM2C1SC 
SECTION: ".abs_section_6c"
  _RTCSC 
SECTION: ".abs_section_6d"
  _RTCCNT 
SECTION: ".abs_section_6e"
  _RTCMOD 
SECTION: ".abs_section_1800"
  _SRS 
SECTION: ".abs_section_1801"
  _SBDFR 
SECTION: ".abs_section_1802"
  _SOPT1 
SECTION: ".abs_section_1803"
  _SOPT2 
SECTION: ".abs_section_1809"
  _SPMSC1 
SECTION: ".abs_section_180a"
  _SPMSC2 
SECTION: ".abs_section_1816"
  _DBGC 
SECTION: ".abs_section_1817"
  _DBGT 
SECTION: ".abs_section_1818"
  _DBGS 
SECTION: ".abs_section_1820"
  _FCDIV 
SECTION: ".abs_section_1821"
  _FOPT 
SECTION: ".abs_section_1823"
  _FCNFG 
SECTION: ".abs_section_1824"
  _FPROT 
SECTION: ".abs_section_1825"
  _FSTAT 
SECTION: ".abs_section_1826"
  _FCMD 
SECTION: ".abs_section_1840"
  _PTAPE 
SECTION: ".abs_section_1841"
  _PTASE 
SECTION: ".abs_section_1842"
  _PTADS 
SECTION: ".abs_section_1844"
  _PTASC 
SECTION: ".abs_section_1845"
  _PTAPS 
SECTION: ".abs_section_1846"
  _PTAES 
SECTION: ".abs_section_1848"
  _PTBPE 
SECTION: ".abs_section_1849"
  _PTBSE 
SECTION: ".abs_section_184a"
  _PTBDS 
SECTION: ".abs_section_184c"
  _PTBSC 
SECTION: ".abs_section_184d"
  _PTBPS 
SECTION: ".abs_section_184e"
  _PTBES 
SECTION: ".abs_section_1850"
  _PTCPE 
SECTION: ".abs_section_1851"
  _PTCSE 
SECTION: ".abs_section_1852"
  _PTCDS 
SECTION: ".abs_section_1853"
  _GNGC 
SECTION: ".abs_section_12"
  _ADCR 
SECTION: ".abs_section_14"
  _ADCCV 
SECTION: ".abs_section_21"
  _TPM1CNT 
SECTION: ".abs_section_23"
  _TPM1MOD 
SECTION: ".abs_section_26"
  _TPM1C0V 
SECTION: ".abs_section_29"
  _TPM1C1V 
SECTION: ".abs_section_38"
  _SCIBD 
SECTION: ".abs_section_61"
  _TPM2CNT 
SECTION: ".abs_section_63"
  _TPM2MOD 
SECTION: ".abs_section_66"
  _TPM2C0V 
SECTION: ".abs_section_69"
  _TPM2C1V 
SECTION: ".abs_section_1806"
  _SDID 
SECTION: ".abs_section_1810"
  _DBGCA 
SECTION: ".abs_section_1812"
  _DBGCB 
SECTION: ".abs_section_1814"
  _DBGF 

*********************************************************************************************
OBJECT LIST SORTED BY ADDRESS
     Name                                      Addr   hSize   dSize     Ref    Section   RLIB
---------------------------------------------------------------------------------------------
     _PTAD                                        0       1       1       0   .abs_section_0
     _PTADD                                       1       1       1       0   .abs_section_1
     _PTBD                                        2       1       1       0   .abs_section_2
     _PTBDD                                       3       1       1       0   .abs_section_3
     _PTCD                                        4       1       1       0   .abs_section_4
     _PTCDD                                       5       1       1       0   .abs_section_5
     _ACMPSC                                      E       1       1       0   .abs_section_e
     _ADCSC1                                     10       1       1       0   .abs_section_10
     _ADCSC2                                     11       1       1       0   .abs_section_11
     _ADCR                                       12       2       2       0   .abs_section_12
     _ADCCV                                      14       2       2       0   .abs_section_14
     _ADCCFG                                     16       1       1       0   .abs_section_16
     _APCTL1                                     17       1       1       0   .abs_section_17
     _APCTL2                                     18       1       1       0   .abs_section_18
     _IRQSC                                      1A       1       1       0   .abs_section_1a
     _MTIMSC                                     1C       1       1       0   .abs_section_1c
     _MTIMCLK                                    1D       1       1       0   .abs_section_1d
     _MTIMCNT                                    1E       1       1       0   .abs_section_1e
     _MTIMMOD                                    1F       1       1       0   .abs_section_1f
     _TPM1SC                                     20       1       1       3   .abs_section_20
     _TPM1CNT                                    21       2       2       0   .abs_section_21
     _TPM1MOD                                    23       2       2       1   .abs_section_23
     _TPM1C0SC                                   25       1       1       5   .abs_section_25
     _TPM1C0V                                    26       2       2       3   .abs_section_26
     _TPM1C1SC                                   28       1       1       5   .abs_section_28
     _TPM1C1V                                    29       2       2       6   .abs_section_29
     _SCIBD                                      38       2       2       2   .abs_section_38
     _SCIC1                                      3A       1       1       1   .abs_section_3a
     _SCIC2                                      3B       1       1       4   .abs_section_3b
     _SCIS1                                      3C       1       1       3   .abs_section_3c
     _SCIS2                                      3D       1       1       1   .abs_section_3d
     _SCIC3                                      3E       1       1       1   .abs_section_3e
     _SCID                                       3F       1       1       3   .abs_section_3f
     _ICSC1                                      48       1       1       1   .abs_section_48
     _ICSC2                                      49       1       1       1   .abs_section_49
     _ICSTRM                                     4A       1       1       1   .abs_section_4a
     _ICSSC                                      4B       1       1       2   .abs_section_4b
     _SPIC1                                      50       1       1       0   .abs_section_50
     _SPIC2                                      51       1       1       0   .abs_section_51
     _SPIBR                                      52       1       1       0   .abs_section_52
     _SPIS                                       53       1       1       0   .abs_section_53
     _SPID                                       55       1       1       0   .abs_section_55
     _IICA                                       58       1       1       0   .abs_section_58
     _IICF                                       59       1       1       0   .abs_section_59
     _IICC1                                      5A       1       1       0   .abs_section_5a
     _IICS                                       5B       1       1       0   .abs_section_5b
     _IICD                                       5C       1       1       0   .abs_section_5c
     _IICC2                                      5D       1       1       0   .abs_section_5d
     _TPM2SC                                     60       1       1       0   .abs_section_60
     _TPM2CNT                                    61       2       2       0   .abs_section_61
     _TPM2MOD                                    63       2       2       0   .abs_section_63
     _TPM2C0SC                                   65       1       1       0   .abs_section_65
     _TPM2C0V                                    66       2       2       0   .abs_section_66
     _TPM2C1SC                                   68       1       1       0   .abs_section_68
     _TPM2C1V                                    69       2       2       0   .abs_section_69
     _RTCSC                                      6C       1       1       0   .abs_section_6c
     _RTCCNT                                     6D       1       1       0   .abs_section_6d
     _RTCMOD                                     6E       1       1       0   .abs_section_6e
     comandos.30                                100      10      16       1   .data       
     actual                                     110       2       2      10   .bss        
     entrada                                    112       1       1       1   .bss        
     in.1                                       113       2       2       3   .bss        
     indexR                                     115       1       1       4   .bss        
     indexW                                     116       1       1       8   .bss        
     buffer_rx                                  117      20      32       1   .bss        
     cont                                       137       1       1       3   .bss        
     buffer_tx                                  138      20      32       2   .bss        
     frecuenciaActual                           158       2       2       7   .bss        
     errorDeReproduccion                        15A       2       2       2   .bss        
     modoActual                                 15C       1       1       3   .bss        
     TPM1C1V_aux                                15D       2       2       4   .bss        
     flag_n                                     15F       1       1       5   .bss        
     rxc                                        160       1       1       3   .bss        
     indexR                                     161       1       1       5   .bss        
     buffer_rx                                  162      20      32      21   .bss        
     NC                                         182       2       2       4   .common     
     NC0                                        184       2       2       2   .common     
     flag_r                                     186       1       1       3   .common     
     flag_e                                     187       1       1       2   .common     
     rxchar                                     188       1       1       2   .common     
     _SRS                                      1800       1       1       0   .abs_section_1800
     _SBDFR                                    1801       1       1       0   .abs_section_1801
     _SOPT1                                    1802       1       1       1   .abs_section_1802
     _SOPT2                                    1803       1       1       1   .abs_section_1803
     _SDID                                     1806       2       2       0   .abs_section_1806
     _SPMSC1                                   1809       1       1       1   .abs_section_1809
     _SPMSC2                                   180A       1       1       1   .abs_section_180a
     _DBGCA                                    1810       2       2       0   .abs_section_1810
     _DBGCB                                    1812       2       2       0   .abs_section_1812
     _DBGF                                     1814       2       2       0   .abs_section_1814
     _DBGC                                     1816       1       1       0   .abs_section_1816
     _DBGT                                     1817       1       1       0   .abs_section_1817
     _DBGS                                     1818       1       1       0   .abs_section_1818
     _FCDIV                                    1820       1       1       0   .abs_section_1820
     _FOPT                                     1821       1       1       0   .abs_section_1821
     _FCNFG                                    1823       1       1       0   .abs_section_1823
     _FPROT                                    1824       1       1       0   .abs_section_1824
     _FSTAT                                    1825       1       1       0   .abs_section_1825
     _FCMD                                     1826       1       1       0   .abs_section_1826
     _PTAPE                                    1840       1       1       0   .abs_section_1840
     _PTASE                                    1841       1       1       1   .abs_section_1841
     _PTADS                                    1842       1       1       1   .abs_section_1842
     _PTASC                                    1844       1       1       0   .abs_section_1844
     _PTAPS                                    1845       1       1       0   .abs_section_1845
     _PTAES                                    1846       1       1       0   .abs_section_1846
     _PTBPE                                    1848       1       1       0   .abs_section_1848
     _PTBSE                                    1849       1       1       1   .abs_section_1849
     _PTBDS                                    184A       1       1       1   .abs_section_184a
     _PTBSC                                    184C       1       1       0   .abs_section_184c
     _PTBPS                                    184D       1       1       0   .abs_section_184d
     _PTBES                                    184E       1       1       0   .abs_section_184e
     _PTCPE                                    1850       1       1       1   .abs_section_1850
     _PTCSE                                    1851       1       1       1   .abs_section_1851
     _PTCDS                                    1852       1       1       1   .abs_section_1852
     _GNGC                                     1853       1       1       1   .abs_section_1853
     loadByte                                  E000       E      14       5   .init       
     Init                                      E00E      6D     109       1   .init       
     _Startup                                  E07B       9       9       1   .init       
     STRING...BIENVENIDOS.AL.PRO.1             E092      1A      26       1   .rodata1    
     STRING...ESCOGER.MODO.DE.FU.2             E0AC      22      34       1   .rodata1    
     STRING....Modo.F..Sonido.de.3             E0CE      25      37       1   .rodata1    
     STRING....Modo.B..Barrido.d.4             E0F3      22      34       1   .rodata1    
     STRING....ingresar.la.letra.5             E115      36      54       1   .rodata1    
     STRING....para.confirmar.pr.6             E14B      22      34       1   .rodata1    
     STRING...DESDE.ESTE.MOMENTO.7             E16D      47      71       1   .rodata1    
     STRING....ON..Iniciar.repro.8             E1B4      26      38       1   .rodata1    
     STRING....OFF..Detener.repr.9             E1DA      27      39       1   .rodata1    
     STRING....RESET..Reiniciar..10            E201      1D      29       1   .rodata1    
     STRING.....para.confirmar.p.11            E21E      23      35       1   .rodata1    
     STRING...INGRESAR.LA.FRECUE.12            E241      37      55       1   .rodata1    
     STRING....Rango.de.frecuenc.13            E278      4A      74       1   .rodata1    
     STRING.....para.confirmar.p.14            E2C2      23      35       1   .rodata1    
     STRING...INGRESE.EL.MODO.DE.15            E2E5      28      40       1   .rodata1    
     STRING....T1..5.seg.16                    E30D       D      13       1   .rodata1    
     STRING....T2..10.seg.17                   E31A       E      14       1   .rodata1    
     STRING....T3..15.seg.18                   E328       E      14       1   .rodata1    
     STRING....ingresar.el.n.mer.19            E336      3B      59       1   .rodata1    
     STRING.....para.confirmar.p.20            E371      23      35       1   .rodata1    
     STRING....OPCION.GUARDADA.21              E394      13      19       1   .rodata1    
     STRING....FRECUENCIA.GUARDA.22            E3A7      17      23       1   .rodata1    
     STRING....ERROR..DEMASIADAS.24            E3BE      28      40       1   .rodata1    
     STRING....Comience.nuevamen.25            E3E6      17      23       1   .rodata1    
     STRING....ERROR..FRECUENCIA.28            E3FD      24      36       1   .rodata1    
     STRING....Comience.nuevamen.29            E421      17      23       1   .rodata1    
     MCU_init                                  E438      81     129       1   .text       
     isrVscitx                                 E4B9       9       9       1   .text       
     isrVscirx                                 E4C2       6       6       1   .text       
     isrVscierr                                E4C8       1       1       1   .text       
     isrVtpm1ovf                               E4C9       1       1       1   .text       
     isrVtpm1ch1                               E4CA      1E      30       1   .text       
     isrVtpm1ch0                               E4E8      1F      31       1   .text       
     MEF_init                                  E507       B      11       6   .text       
     MEF_update                                E512      3A      58       1   .text       
     estado_init                               E54C      1A      26       1   .text       
     estado_pedir_f                            E566      31      49       1   .text       
     estado_m1_on                              E597      19      25       1   .text       
     estado_m1_off                             E5B0      19      25       1   .text       
     estado_pedir_t                            E5C9      3C      60       1   .text       
     estado_m2_on                              E605      15      21       1   .text       
     estado_m2_off                             E61A      19      25       1   .text       
     verifyFreq                                E633      25      37       1   .text       
     SCI_send_char                             E658      20      32       1   .text       
     SCI_receive_char                          E678      3C      60       1   .text       
     SCI_write_string_to_buffer                E6B4      24      36      26   .text       
     SONIDO_init                               E6D8       3       3       1   .text       
     SONIDO_setFrecuenciaActual                E6DB       4       4       1   .text       
     SONIDO_getError                           E6DF       4       4       1   .text       
     SONIDO_siguiente_f                        E6E3      15      21       1   .text       
     SONIDO_prender_m1                         E6F8       E      14       1   .text       
     SONIDO_prender_m2                         E706      1C      28       1   .text       
     SONIDO_apagar                             E722       E      14       2   .text       
     SONIDO_reanudar                           E730      14      20       2   .text       
     SONIDO_calcular_NC                        E744      58      88       3   .text       
     SONIDO_calcular_NC0                       E79C      2E      46       1   .text       
     INTERACCION_init                          E7CA      24      36       1   .text       
     INTERACCION_default                       E7EE      1E      30       2   .text       
     INTERACCION_askF                          E80C      12      18       1   .text       
     INTERACCION_askB                          E81E      24      36       1   .text       
     INTERACCION_showB                         E842       6       6       3   .text       
     INTERACCION_showF                         E848       6       6       1   .text       
     INTERACCION_showEBF                       E84E       C      12       1   .text       
     INTERACCION_showEF                        E85A       C      12       1   .text       
     INTERACCION_analizeInput                  E866      49      73       1   .text       
     INTERACCION_getInput                      E8AF      B6     182       1   .text       
     INTERACCION_getFreq                       E965      3B      59       1   .text       
     numero                                    E9A0       B      11       2   .text       
     letra                                     E9AB       6       6       1   .text       
     main                                      E9B1      26      38       1   .text       
     _PUSH_ARGS_L                              E9D7      20      32       1   .text       
     _ENTER_UNARY_L                            E9F7      29      41       1   .text       
     _ENTER_BINARY_L_LC                        EA20      1A      26       1   .text       
     _IDIVMOD                                  EA3A      69     105       1   .text       
     _LDIVMOD                                  EAA3      A4     164       1   .text       
     _LDIVU_k_is_k_div_j                       EB47      17      23       1   .text       
     _IMODU_STAR08                             EB5E      10      16       2   .text       
     _IMODU_8                                  EB6E      12      18       1   .text       
     _LDIVU_LC                                 EB80       6       6       3   .text       
     _LLSL                                     EB86      16      22       1   .text       
     _POP32                                    EB9C      1A      26       3   .text       
     _Jump_Table_Header_Offset                 EBB6      24      36       2   .text       
     abs                                       EBDA      14      20       1   .text       
     NVPROT_INIT                               FFBD       1       1       0   .abs_section_ffbd
     NVOPT_INIT                                FFBF       1       1       0   .abs_section_ffbf
     _vect                                     FFC0      40      64       0   .abs_section_ffc0

*********************************************************************************************
UNUSED-OBJECTS SECTION
---------------------------------------------------------------------------------------------
NOT USED PROCEDURES
SCI_c.obj:
  SCI_read_string_from_buffer 
interaccion_c.obj:
  INTERACCION_showC INTERACCION_showEE 
rtshc08.o (ansiis.lib):
  _PUSH_ARGS_D _ENTER_UNARY_L64 _ENTER_UNARY_L64_4 _ENTER_BINARY_L 
  _ENTER_BINARY_L_RC _ENTER_BINARY_L64 _ENTER_BINARY_L64_LC 
  _ENTER_BINARY_L64_RC _SPLITSIGN _LADD_k_is_k_plus_j _k_is_k_plus_j_l 
  _k_is_k_plus_j_i _LSUB_k_is_k_minus_j _LAND_k_is_k_and_j _LOR_k_is_k_or_j 
  _LXOR_k_is_k_xor_j _LMUL_k_is_k_mul_j _NEG_L_HX _ABS_L_HX _SPLITSIGN_L 
  _LMODU_k_is_k_mod_j _LMODS_k_is_k_mod_j _LDIVS_k_is_k_div_j _LCMP_k_rel_j 
  _CMP24_k_rel_j _BMULS _BDIVS _BMODS _IMUL_STAR08 _IDIVS_STAR08 _IDIVU_STAR08 
  _IMODS_STAR08 _IDIVU_8 _IASR _ILSR _ILSL _ICMP _LINC _LDEC _LNEG _LNOT _LADD 
  _LADD_RC _LSUB _LSUB_LC _LSUB_RC _LAND _LAND_RC _LOR _LOR_RC _LXOR _LXOR_RC 
  _LMUL _LMUL_RC _LDIVS _LDIVS_LC _LDIVS_RC _LDIVU _LDIVU_RC _LMODS _LMODS_LC 
  _LMODS_RC _LMODU _LMODU_LC _LMODU_RC _LASR _LLSR _LCMP _LCMP_RC _PUSH_ARGS_24 
  _ENTER_BINARY_24_RC _ENTER_BINARY_24 _CMP24 _CMP24_RC _COPY _COPY_L _POP64 
  _STORE32 _STORE64 _SEXT8_32 _SEXT16_32 _CALL_STAR08 _CALL_STAR08_FAR 
  _Jump_Table_Addr _Jump_Table_Offset _Jump_Table_Header_Addr 
  _Search_Table_16_Addr _Search_Table_16_Offset _Search_Table_8_Addr 
  _Search_Table_8_Offset _PUSH_CC _POP_CC _CONV_FAR_TO_NEAR _CONV_FAR_TO_LINEAR 
  _CONV_LINEAR_TO_FAR 
stdlib.o (ansiis.lib):
  atexit getenv system mblen mbtowc wctomb mbstowcs wcstombs CheckCharWithBase 
  _strtoul strtoul _strtol strtol _itoa bsearch swap qsort div ldiv labs rand 
  srand 
NOT USED VARIABLES
MEF_c.obj:
  aux.2 
interaccion_c.obj:
  STRING....COMANDO.ACEPTADO.23 STRING....ERROR..ENTRADA.IN.26 
  STRING....Comience.nuevamen.27 
rtshc08.o (ansiis.lib):
  _PowOfTwo_8 _PowOfTwo_16 _PowOfTwo_32 errno 
stdlib.o (ansiis.lib):
  seed channels errno 

*********************************************************************************************
COPYDOWN SECTION
---------------------------------------------------------------------------------------------
------- ROM-ADDRESS: 0xEBEE ---- SIZE       4 ---
Filling bytes inserted
 00100100
------- ROM-ADDRESS: 0xEBF2 ---- RAM-ADDRESS: 0x100 ---- SIZE      16 ---
Name of initialized Object : comandos.30
 4F6F4E6E46 6642625272 4565537354
 74
------- ROM-ADDRESS: 0xEC02 ---- SIZE       2 ---
Filling bytes inserted
 0000

*********************************************************************************************
OBJECT-DEPENDENCIES SECTION
---------------------------------------------------------------------------------------------
Init                      USES _startupData loadByte 
_Startup                  USES __SEG_END_SSTACK Init main 
MCU_init                  USES _SOPT1 _SOPT2 _SPMSC1 _SPMSC2 _ICSTRM _ICSSC 
                                _ICSC1 _ICSC2 _GNGC _PTCPE _PTASE _PTBSE _PTCSE 
                                _PTADS _PTBDS _PTCDS _SCIC2 _SCIS1 _SCID _SCIS2 
                                _SCIBD _SCIC1 _SCIC3 _TPM1C1SC _TPM1C1V _TPM1C0SC 
                                _TPM1C0V _TPM1SC _TPM1MOD 
isrVscitx                 USES _SCIS1 SCI_send_char 
isrVscirx                 USES SCI_receive_char 
isrVtpm1ch1               USES NC _TPM1C1V _TPM1C1SC 
isrVtpm1ch0               USES NC0 _TPM1C0V SONIDO_siguiente_f 
MEF_init                  USES actual INTERACCION_init SONIDO_init 
MEF_update                USES actual _Jump_Table_Header_Offset estado_init 
                                estado_pedir_f estado_pedir_t estado_m1_on estado_m1_off 
                                estado_m2_on estado_m2_off INTERACCION_getInput entrada 
estado_init               USES actual INTERACCION_askF INTERACCION_askB 
estado_pedir_f            USES INTERACCION_getFreq in.1 verifyFreq 
                                SONIDO_setFrecuenciaActual SONIDO_prender_m1 SONIDO_getError 
                                INTERACCION_showF INTERACCION_default INTERACCION_showEF 
                                MEF_init actual 
estado_m1_on              USES MEF_init SONIDO_apagar actual 
estado_m1_off             USES MEF_init SONIDO_reanudar actual 
estado_pedir_t            USES _Jump_Table_Header_Offset INTERACCION_showB 
                                SONIDO_prender_m2 INTERACCION_default actual 
estado_m2_on              USES MEF_init actual 
estado_m2_off             USES MEF_init SONIDO_reanudar actual 
verifyFreq                USES _IMODU_8 
SCI_send_char             USES indexW indexR buffer_tx _SCID _SCIC2 
SCI_receive_char          USES _SCIS1 _SCID rxchar cont flag_e indexW 
                                buffer_rx flag_r 
SCI_write_string_to_buffer USES indexW buffer_tx _SCIC2 
SONIDO_init               USES SONIDO_apagar 
SONIDO_setFrecuenciaActual USES frecuenciaActual 
SONIDO_getError           USES errorDeReproduccion 
SONIDO_siguiente_f        USES frecuenciaActual _IMODU_STAR08 
                                SONIDO_calcular_NC 
SONIDO_prender_m1         USES SONIDO_calcular_NC modoActual NC TPM1C1V_aux 
SONIDO_prender_m2         USES frecuenciaActual SONIDO_calcular_NC modoActual 
                                NC TPM1C1V_aux SONIDO_calcular_NC0 
SONIDO_apagar             USES _TPM1C1V TPM1C1V_aux _TPM1C1SC _TPM1C0SC 
SONIDO_reanudar           USES TPM1C1V_aux _TPM1C1V _TPM1C1SC modoActual 
                                _TPM1C0SC 
SONIDO_calcular_NC        USES frecuenciaActual _LDIVU_LC _POP32 NC _LLSL abs 
                                errorDeReproduccion 
SONIDO_calcular_NC0       USES _LDIVU_LC _POP32 NC0 
INTERACCION_init          USES STRING...BIENVENIDOS.AL.PRO.1 
                                SCI_write_string_to_buffer STRING...ESCOGER.MODO.DE.FU.2 
                                STRING....Modo.F..Sonido.de.3 STRING....Modo.B..Barrido.d.4 
                                STRING....ingresar.la.letra.5 STRING....para.confirmar.pr.6 
INTERACCION_default       USES STRING...DESDE.ESTE.MOMENTO.7 
                                SCI_write_string_to_buffer STRING....ON..Iniciar.repro.8 
                                STRING....OFF..Detener.repr.9 STRING....RESET..Reiniciar..10 
                                STRING.....para.confirmar.p.11 
INTERACCION_askF          USES STRING...INGRESAR.LA.FRECUE.12 
                                SCI_write_string_to_buffer STRING....Rango.de.frecuenc.13 
                                STRING.....para.confirmar.p.14 
INTERACCION_askB          USES STRING...INGRESE.EL.MODO.DE.15 
                                SCI_write_string_to_buffer STRING....T1..5.seg.16 STRING....T2..10.seg.17 
                                STRING....T3..15.seg.18 STRING....ingresar.el.n.mer.19 
                                STRING.....para.confirmar.p.20 
INTERACCION_showB         USES STRING....OPCION.GUARDADA.21 
                                SCI_write_string_to_buffer 
INTERACCION_showF         USES STRING....FRECUENCIA.GUARDA.22 
                                SCI_write_string_to_buffer 
INTERACCION_showEBF       USES STRING....ERROR..DEMASIADAS.24 
                                SCI_write_string_to_buffer STRING....Comience.nuevamen.25 
INTERACCION_showEF        USES STRING....ERROR..FRECUENCIA.28 
                                SCI_write_string_to_buffer STRING....Comience.nuevamen.29 
INTERACCION_analizeInput  USES buffer_rx rxc numero indexR flag_n letra 
INTERACCION_getInput      USES buffer_rx flag_n 
INTERACCION_getFreq       USES buffer_rx numero indexR 
letra                     USES comandos.30 
main                      USES MCU_init MEF_init flag_e INTERACCION_showEBF 
                                flag_r INTERACCION_analizeInput MEF_update 
_ENTER_BINARY_L_LC        USES _PUSH_ARGS_L 
_LDIVU_k_is_k_div_j       USES _LDIVMOD 
_IMODU_STAR08             USES _IDIVMOD 
_IMODU_8                  USES _IMODU_STAR08 
_LDIVU_LC                 USES _ENTER_BINARY_L_LC _LDIVU_k_is_k_div_j 
_LLSL                     USES _ENTER_UNARY_L 
_vect                     USES isrVscitx isrVscirx isrVscierr isrVtpm1ovf 
                                isrVtpm1ch1 isrVtpm1ch0 _Startup 

*********************************************************************************************
DEPENDENCY TREE
*********************************************************************************************
 main and _Startup Group
 | 
 +- main                
 |  | 
 |  +- MCU_init            
 |  |    
 |  +- MEF_init            
 |  |  | 
 |  |  +- INTERACCION_init    
 |  |  |  | 
 |  |  |  +- SCI_write_string_to_buffer
 |  |  |       
 |  |  +- SONIDO_init         
 |  |     | 
 |  |     +- SONIDO_apagar       
 |  |          
 |  +- INTERACCION_showEBF 
 |  |  | 
 |  |  +- SCI_write_string_to_buffer (see above)
 |  |     
 |  +- INTERACCION_analizeInput
 |  |  | 
 |  |  +- numero              
 |  |  |    
 |  |  +- letra               
 |  |       
 |  +- MEF_update          
 |     | 
 |     +- _Jump_Table_Header_Offset
 |     |    
 |     +- estado_init         
 |     |  | 
 |     |  +- INTERACCION_askF    
 |     |  |  | 
 |     |  |  +- SCI_write_string_to_buffer (see above)
 |     |  |     
 |     |  +- INTERACCION_askB    
 |     |     | 
 |     |     +- SCI_write_string_to_buffer (see above)
 |     |        
 |     +- estado_pedir_f      
 |     |  | 
 |     |  +- INTERACCION_getFreq 
 |     |  |  | 
 |     |  |  +- numero               (see above)
 |     |  |     
 |     |  +- verifyFreq          
 |     |  |  | 
 |     |  |  +- _IMODU_8            
 |     |  |     | 
 |     |  |     +- _IMODU_STAR08       
 |     |  |        | 
 |     |  |        +- _IDIVMOD            
 |     |  |             
 |     |  +- SONIDO_setFrecuenciaActual
 |     |  |    
 |     |  +- SONIDO_prender_m1   
 |     |  |  | 
 |     |  |  +- SONIDO_calcular_NC  
 |     |  |     | 
 |     |  |     +- _LDIVU_LC           
 |     |  |     |  | 
 |     |  |     |  +- _ENTER_BINARY_L_LC  
 |     |  |     |  |  | 
 |     |  |     |  |  +- _PUSH_ARGS_L        
 |     |  |     |  |       
 |     |  |     |  +- _LDIVU_k_is_k_div_j 
 |     |  |     |     | 
 |     |  |     |     +- _LDIVMOD            
 |     |  |     |          
 |     |  |     +- _POP32              
 |     |  |     |    
 |     |  |     +- _LLSL               
 |     |  |     |  | 
 |     |  |     |  +- _ENTER_UNARY_L      
 |     |  |     |       
 |     |  |     +- abs                 
 |     |  |          
 |     |  +- SONIDO_getError     
 |     |  |    
 |     |  +- INTERACCION_showF   
 |     |  |  | 
 |     |  |  +- SCI_write_string_to_buffer (see above)
 |     |  |     
 |     |  +- INTERACCION_default 
 |     |  |  | 
 |     |  |  +- SCI_write_string_to_buffer (see above)
 |     |  |     
 |     |  +- INTERACCION_showEF  
 |     |  |  | 
 |     |  |  +- SCI_write_string_to_buffer (see above)
 |     |  |     
 |     |  +- MEF_init             (see above)
 |     |     
 |     +- estado_pedir_t      
 |     |  | 
 |     |  +- _Jump_Table_Header_Offset (see above)
 |     |  |  
 |     |  +- INTERACCION_showB   
 |     |  |  | 
 |     |  |  +- SCI_write_string_to_buffer (see above)
 |     |  |     
 |     |  +- SONIDO_prender_m2   
 |     |  |  | 
 |     |  |  +- SONIDO_calcular_NC   (see above)
 |     |  |  |  
 |     |  |  +- SONIDO_calcular_NC0 
 |     |  |     | 
 |     |  |     +- _LDIVU_LC            (see above)
 |     |  |     |  
 |     |  |     +- _POP32               (see above)
 |     |  |        
 |     |  +- INTERACCION_default  (see above)
 |     |     
 |     +- estado_m1_on        
 |     |  | 
 |     |  +- MEF_init             (see above)
 |     |  |  
 |     |  +- SONIDO_apagar        (see above)
 |     |     
 |     +- estado_m1_off       
 |     |  | 
 |     |  +- MEF_init             (see above)
 |     |  |  
 |     |  +- SONIDO_reanudar     
 |     |       
 |     +- estado_m2_on        
 |     |  | 
 |     |  +- MEF_init             (see above)
 |     |     
 |     +- estado_m2_off       
 |     |  | 
 |     |  +- MEF_init             (see above)
 |     |  |  
 |     |  +- SONIDO_reanudar      (see above)
 |     |     
 |     +- INTERACCION_getInput
 |          
 +- _Startup            
    | 
    +- Init                
    |  | 
    |  +- loadByte            
    |       
    +- main                 (see above)
       
 _vect               
 | 
 +- isrVscitx           
 |  | 
 |  +- SCI_send_char       
 |       
 +- isrVscirx           
 |  | 
 |  +- SCI_receive_char    
 |       
 +- isrVscierr          
 |    
 +- isrVtpm1ovf         
 |    
 +- isrVtpm1ch1         
 |    
 +- isrVtpm1ch0         
 |  | 
 |  +- SONIDO_siguiente_f  
 |     | 
 |     +- _IMODU_STAR08        (see above)
 |     |  
 |     +- SONIDO_calcular_NC   (see above)
 |        
 +- _Startup             (see above)
    
*********************************************************************************************
STATISTIC SECTION
---------------------------------------------------------------------------------------------

ExeFile:
--------
Number of blocks to be downloaded: 7
Total size of all blocks to be downloaded: 3142

