*** EVALUATION ************************************************************************************************
*********************************************************************************************
LINKING FAILED
The linking process failed in some stage.
Depending on the phase the linker failed, part of the information contained in this map file may be inaccurate or wrong.
If the linking failed before the allocation phase finished, then the addresses might be inaccurate.
Also summary information like the code size is likely to be misleading.
---------------------------------------------------------------------------------------------
---------------------------------------------------------------------------------------------

PROGRAM "tp3cdymc.abs"

*********************************************************************************************
TARGET SECTION
---------------------------------------------------------------------------------------------
Processor   : Freescale HC08
Memory Model: SMALL
File Format : ELF (no debug info)
Linker      : SmartLinker V-5.0.41 Build 11006, Jan  7 2011

*********************************************************************************************
FILE SECTION
---------------------------------------------------------------------------------------------
MCUinit_c.obj                           Model: SMALL,         Lang: ANSI-C
MEF_c.obj                               Model: SMALL,         Lang: ANSI-C
SCI_c.obj                               Model: SMALL,         Lang: ANSI-C
Sonido_c.obj                            Model: SMALL,         Lang: ANSI-C
interaccion_c.obj                       Model: SMALL,         Lang: ANSI-C
main_c.obj                              Model: SMALL,         Lang: ANSI-C
start08_c.obj                           Model: SMALL,         Lang: ANSI-C
mc9s08sh8_c.obj                         Model: SMALL,         Lang: ANSI-C
rtshc08.o (ansiis.lib)                  Model: SMALL,         Lang: ANSI-C
stdlib.o (ansiis.lib)                   Model: SMALL,         Lang: ANSI-C

*********************************************************************************************
STARTUP SECTION
---------------------------------------------------------------------------------------------

*********************************************************************************************
SECTION-ALLOCATION SECTION
Section Name                    Size  Type     From       To       Segment
---------------------------------------------------------------------------------------------
.abs_section_ffbd                  1     R     0xFFBD     0xFFBD   .absSeg0
.abs_section_ffbf                  1     R     0xFFBF     0xFFBF   .absSeg1
.abs_section_ffc0                 64     R     0xFFC0     0xFFFF   .absSeg2
.abs_section_0                     1   N/I        0x0        0x0   .absSeg3
.abs_section_1                     1   N/I        0x1        0x1   .absSeg4
.abs_section_2                     1   N/I        0x2        0x2   .absSeg5
.abs_section_3                     1   N/I        0x3        0x3   .absSeg6
.abs_section_4                     1   N/I        0x4        0x4   .absSeg7
.abs_section_5                     1   N/I        0x5        0x5   .absSeg8
.abs_section_e                     1   N/I        0xE        0xE   .absSeg9
.abs_section_10                    1   N/I       0x10       0x10   .absSeg10
.abs_section_11                    1   N/I       0x11       0x11   .absSeg11
.abs_section_16                    1   N/I       0x16       0x16   .absSeg12
.abs_section_17                    1   N/I       0x17       0x17   .absSeg13
.abs_section_18                    1   N/I       0x18       0x18   .absSeg14
.abs_section_1a                    1   N/I       0x1A       0x1A   .absSeg15
.abs_section_1c                    1   N/I       0x1C       0x1C   .absSeg16
.abs_section_1d                    1   N/I       0x1D       0x1D   .absSeg17
.abs_section_1e                    1   N/I       0x1E       0x1E   .absSeg18
.abs_section_1f                    1   N/I       0x1F       0x1F   .absSeg19
.abs_section_20                    1   N/I       0x20       0x20   .absSeg20
.abs_section_25                    1   N/I       0x25       0x25   .absSeg21
.abs_section_28                    1   N/I       0x28       0x28   .absSeg22
.abs_section_3a                    1   N/I       0x3A       0x3A   .absSeg23
.abs_section_3b                    1   N/I       0x3B       0x3B   .absSeg24
.abs_section_3c                    1   N/I       0x3C       0x3C   .absSeg25
.abs_section_3d                    1   N/I       0x3D       0x3D   .absSeg26
.abs_section_3e                    1   N/I       0x3E       0x3E   .absSeg27
.abs_section_3f                    1   N/I       0x3F       0x3F   .absSeg28
.abs_section_48                    1   N/I       0x48       0x48   .absSeg29
.abs_section_49                    1   N/I       0x49       0x49   .absSeg30
.abs_section_4a                    1   N/I       0x4A       0x4A   .absSeg31
.abs_section_4b                    1   N/I       0x4B       0x4B   .absSeg32
.abs_section_50                    1   N/I       0x50       0x50   .absSeg33
.abs_section_51                    1   N/I       0x51       0x51   .absSeg34
.abs_section_52                    1   N/I       0x52       0x52   .absSeg35
.abs_section_53                    1   N/I       0x53       0x53   .absSeg36
.abs_section_55                    1   N/I       0x55       0x55   .absSeg37
.abs_section_58                    1   N/I       0x58       0x58   .absSeg38
.abs_section_59                    1   N/I       0x59       0x59   .absSeg39
.abs_section_5a                    1   N/I       0x5A       0x5A   .absSeg40
.abs_section_5b                    1   N/I       0x5B       0x5B   .absSeg41
.abs_section_5c                    1   N/I       0x5C       0x5C   .absSeg42
.abs_section_5d                    1   N/I       0x5D       0x5D   .absSeg43
.abs_section_60                    1   N/I       0x60       0x60   .absSeg44
.abs_section_65                    1   N/I       0x65       0x65   .absSeg45
.abs_section_68                    1   N/I       0x68       0x68   .absSeg46
.abs_section_6c                    1   N/I       0x6C       0x6C   .absSeg47
.abs_section_6d                    1   N/I       0x6D       0x6D   .absSeg48
.abs_section_6e                    1   N/I       0x6E       0x6E   .absSeg49
.abs_section_1800                  1   N/I     0x1800     0x1800   .absSeg50
.abs_section_1801                  1   N/I     0x1801     0x1801   .absSeg51
.abs_section_1802                  1   N/I     0x1802     0x1802   .absSeg52
.abs_section_1803                  1   N/I     0x1803     0x1803   .absSeg53
.abs_section_1809                  1   N/I     0x1809     0x1809   .absSeg54
.abs_section_180a                  1   N/I     0x180A     0x180A   .absSeg55
.abs_section_1816                  1   N/I     0x1816     0x1816   .absSeg56
.abs_section_1817                  1   N/I     0x1817     0x1817   .absSeg57
.abs_section_1818                  1   N/I     0x1818     0x1818   .absSeg58
.abs_section_1820                  1   N/I     0x1820     0x1820   .absSeg59
.abs_section_1821                  1   N/I     0x1821     0x1821   .absSeg60
.abs_section_1823                  1   N/I     0x1823     0x1823   .absSeg61
.abs_section_1824                  1   N/I     0x1824     0x1824   .absSeg62
.abs_section_1825                  1   N/I     0x1825     0x1825   .absSeg63
.abs_section_1826                  1   N/I     0x1826     0x1826   .absSeg64
.abs_section_1840                  1   N/I     0x1840     0x1840   .absSeg65
.abs_section_1841                  1   N/I     0x1841     0x1841   .absSeg66
.abs_section_1842                  1   N/I     0x1842     0x1842   .absSeg67
.abs_section_1844                  1   N/I     0x1844     0x1844   .absSeg68
.abs_section_1845                  1   N/I     0x1845     0x1845   .absSeg69
.abs_section_1846                  1   N/I     0x1846     0x1846   .absSeg70
.abs_section_1848                  1   N/I     0x1848     0x1848   .absSeg71
.abs_section_1849                  1   N/I     0x1849     0x1849   .absSeg72
.abs_section_184a                  1   N/I     0x184A     0x184A   .absSeg73
.abs_section_184c                  1   N/I     0x184C     0x184C   .absSeg74
.abs_section_184d                  1   N/I     0x184D     0x184D   .absSeg75
.abs_section_184e                  1   N/I     0x184E     0x184E   .absSeg76
.abs_section_1850                  1   N/I     0x1850     0x1850   .absSeg77
.abs_section_1851                  1   N/I     0x1851     0x1851   .absSeg78
.abs_section_1852                  1   N/I     0x1852     0x1852   .absSeg79
.abs_section_1853                  1   N/I     0x1853     0x1853   .absSeg80
.abs_section_12                    2   N/I       0x12       0x13   .absSeg81
.abs_section_14                    2   N/I       0x14       0x15   .absSeg82
.abs_section_21                    2   N/I       0x21       0x22   .absSeg83
.abs_section_23                    2   N/I       0x23       0x24   .absSeg84
.abs_section_26                    2   N/I       0x26       0x27   .absSeg85
.abs_section_29                    2   N/I       0x29       0x2A   .absSeg86
.abs_section_38                    2   N/I       0x38       0x39   .absSeg87
.abs_section_61                    2   N/I       0x61       0x62   .absSeg88
.abs_section_63                    2   N/I       0x63       0x64   .absSeg89
.abs_section_66                    2   N/I       0x66       0x67   .absSeg90
.abs_section_69                    2   N/I       0x69       0x6A   .absSeg91
.abs_section_1806                  2   N/I     0x1806     0x1807   .absSeg92
.abs_section_1810                  2   N/I     0x1810     0x1811   .absSeg93
.abs_section_1812                  2   N/I     0x1812     0x1813   .absSeg94
.abs_section_1814                  2   N/I     0x1814     0x1815   .absSeg95

Summary of section sizes per section type:
READ_ONLY (R):          42 (dec:       66)
NO_INIT (N/I):          6C (dec:      108)

*********************************************************************************************
VECTOR-ALLOCATION SECTION
    Address     InitValue   InitFunction
---------------------------------------------------------------------------------------------

*********************************************************************************************
OBJECT-ALLOCATION SECTION
     Name               Module                 Addr   hSize   dSize     Ref    Section   RLIB
---------------------------------------------------------------------------------------------
MODULE:                 -- MCUinit_c.obj --
- PROCEDURES:
     MCU_init                                     0'Error      81     129       0   .text       
     isrVscitx                                    0'Error       9       9       0   .text       
     isrVscirx                                    0'Error       6       6       0   .text       
     isrVscierr                                   0'Error       1       1       0   .text       
     isrVtpm1ovf                                  0'Error       1       1       0   .text       
     isrVtpm1ch1                                  0'Error      1E      30       0   .text       
     isrVtpm1ch0                                  0'Error      1F      31       0   .text       
- VARIABLES:
     NVPROT_INIT                               FFBD       1       1       0   .abs_section_ffbd
     NVOPT_INIT                                FFBF       1       1       0   .abs_section_ffbf
     _vect                                     FFC0      40      64       0   .abs_section_ffc0
     NC                                           0'Error       2       2       0   .common     
     NC0                                          0'Error       2       2       0   .common     
MODULE:                 -- MEF_c.obj --
- PROCEDURES:
     MEF_init                                     0'Error       B      11       0   .text       
     MEF_update                                   0'Error      3B      59       0   .text       
     estado_init                                  0'Error      1A      26       0   .text       
     estado_pedir_f                               0'Error      31      49       0   .text       
     estado_m1_on                                 0'Error      19      25       0   .text       
     estado_m1_off                                0'Error      19      25       0   .text       
     estado_pedir_t                               0'Error      3A      58       0   .text       
     estado_m2_on                                 0'Error      15      21       0   .text       
     estado_m2_off                                0'Error      19      25       0   .text       
     verifyFreq                                   0'Error      25      37       0   .text       
- VARIABLES:
     actual                                       0'Error       2       2       0   .bss        
     entrada                                      0'Error       1       1       0   .bss        
     in.1                                         0'Error       2       2       0   .bss        
MODULE:                 -- SCI_c.obj --
- PROCEDURES:
     SCI_send_char                                0'Error      20      32       0   .text       
     SCI_receive_char                             0'Error      3C      60       0   .text       
     SCI_write_string_to_buffer                   0'Error      24      36       0   .text       
- VARIABLES:
     indexR                                       0'Error       1       1       0   .bss        
     indexW                                       0'Error       1       1       0   .bss        
     cont                                         0'Error       1       1       0   .bss        
     buffer_tx                                    0'Error      20      32       0   .bss        
     buffer_rx                                    0'Error      20      32       0   .bss        
     flag_r                                       0'Error       1       1       0   .common     
     flag_e                                       0'Error       1       1       0   .common     
     rxchar                                       0'Error       1       1       0   .common     
MODULE:                 -- Sonido_c.obj --
- PROCEDURES:
     SONIDO_init                                  0'Error       3       3       0   .text       
     SONIDO_siguiente_f                           0'Error      15      21       0   .text       
     SONIDO_prender_m1                            0'Error       E      14       0   .text       
     SONIDO_prender_m2                            0'Error      1C      28       0   .text       
     SONIDO_apagar                                0'Error       E      14       0   .text       
     SONIDO_reanudar                              0'Error      14      20       0   .text       
     SONIDO_calcular_NC                           0'Error      58      88       0   .text       
     SONIDO_calcular_NC0                          0'Error      2E      46       0   .text       
- VARIABLES:
     frecuenciaActual                             0'Error       2       2       0   .bss        
     errorDeReproduccion                          0'Error       2       2       0   .bss        
     modoActual                                   0'Error       1       1       0   .bss        
     TPM1C1V_aux                                  0'Error       2       2       0   .bss        
MODULE:                 -- interaccion_c.obj --
- PROCEDURES:
     INTERACCION_init                             0'Error      1E      30       0   .text       
     INTERACCION_default                          0'Error      18      24       0   .text       
     INTERACCION_askF                             0'Error       C      12       0   .text       
     INTERACCION_askB                             0'Error      1E      30       0   .text       
     INTERACCION_analizeInput                     0'Error      4C      76       0   .text       
     INTERACCION_getInput                         0'Error      BD     189       0   .text       
     numero                                       0'Error       B      11       0   .text       
     letra                                        0'Error       6       6       0   .text       
- VARIABLES:
     STRING...BIENVENIDOS.AL.PRO.1                0'Error      1A      26       0   .rodata1    
     STRING...ESCOGER.MODO.DE.FU.2                0'Error      22      34       0   .rodata1    
     STRING....Modo.F..Sonido.de.3                0'Error      25      37       0   .rodata1    
     STRING....Modo.B..Barrido.d.4                0'Error      22      34       0   .rodata1    
     STRING....ingresar.la.letra.5                0'Error      36      54       0   .rodata1    
     STRING...DESDE.ESTE.MOMENTO.6                0'Error      47      71       0   .rodata1    
     STRING....ON..Iniciar.repro.7                0'Error      26      38       0   .rodata1    
     STRING....OFF..Detener.repr.8                0'Error      27      39       0   .rodata1    
     STRING....RESET..Reiniciar..9                0'Error      1D      29       0   .rodata1    
     STRING...INGRESAR.LA.FRECUE.10               0'Error      37      55       0   .rodata1    
     STRING....Rango.de.frecuenc.11               0'Error      4A      74       0   .rodata1    
     STRING...INGRESE.EL.MODO.DE.12               0'Error      28      40       0   .rodata1    
     STRING....T1..5.seg.13                       0'Error       D      13       0   .rodata1    
     STRING....T2..10.seg.14                      0'Error       E      14       0   .rodata1    
     STRING....T3..15.seg.15                      0'Error       E      14       0   .rodata1    
     STRING....ingresar.el.numer.16               0'Error      3B      59       0   .rodata1    
     comandos.18                                  0'Error       E      14       0   .data       
     flag_n                                       0'Error       1       1       0   .bss        
     rxc                                          0'Error       2       2       0   .bss        
     indexR                                       0'Error       1       1       0   .bss        
     buffer_rx                                    0'Error      20      32       0   .bss        
MODULE:                 -- main_c.obj --
- PROCEDURES:
     main                                         0'Error      26      38       0   .text       
- VARIABLES:
MODULE:                 -- start08_c.obj --
- PROCEDURES:
     loadByte                                     0'Error       E      14       0   .text       
     Init                                         0'Error      6D     109       0   .text       
     _Startup                                     0'Error       9       9       0   .text       
- VARIABLES:
     _startupData                                 0'Error       6       6       0   _STARTUP    
- LABELS:
     __SEG_END_SSTACK                             0'Error       0       0       0               
MODULE:                 -- mc9s08sh8_c.obj --
- PROCEDURES:
- VARIABLES:
     _PTAD                                        0       1       1       0   .abs_section_0
     _PTADD                                       1       1       1       0   .abs_section_1
     _PTBD                                        2       1       1       0   .abs_section_2
     _PTBDD                                       3       1       1       0   .abs_section_3
     _PTCD                                        4       1       1       0   .abs_section_4
     _PTCDD                                       5       1       1       0   .abs_section_5
     _ACMPSC                                      E       1       1       0   .abs_section_e
     _ADCSC1                                     10       1       1       0   .abs_section_10
     _ADCSC2                                     11       1       1       0   .abs_section_11
     _ADCCFG                                     16       1       1       0   .abs_section_16
     _APCTL1                                     17       1       1       0   .abs_section_17
     _APCTL2                                     18       1       1       0   .abs_section_18
     _IRQSC                                      1A       1       1       0   .abs_section_1a
     _MTIMSC                                     1C       1       1       0   .abs_section_1c
     _MTIMCLK                                    1D       1       1       0   .abs_section_1d
     _MTIMCNT                                    1E       1       1       0   .abs_section_1e
     _MTIMMOD                                    1F       1       1       0   .abs_section_1f
     _TPM1SC                                     20       1       1       0   .abs_section_20
     _TPM1C0SC                                   25       1       1       0   .abs_section_25
     _TPM1C1SC                                   28       1       1       0   .abs_section_28
     _SCIC1                                      3A       1       1       0   .abs_section_3a
     _SCIC2                                      3B       1       1       0   .abs_section_3b
     _SCIS1                                      3C       1       1       0   .abs_section_3c
     _SCIS2                                      3D       1       1       0   .abs_section_3d
     _SCIC3                                      3E       1       1       0   .abs_section_3e
     _SCID                                       3F       1       1       0   .abs_section_3f
     _ICSC1                                      48       1       1       0   .abs_section_48
     _ICSC2                                      49       1       1       0   .abs_section_49
     _ICSTRM                                     4A       1       1       0   .abs_section_4a
     _ICSSC                                      4B       1       1       0   .abs_section_4b
     _SPIC1                                      50       1       1       0   .abs_section_50
     _SPIC2                                      51       1       1       0   .abs_section_51
     _SPIBR                                      52       1       1       0   .abs_section_52
     _SPIS                                       53       1       1       0   .abs_section_53
     _SPID                                       55       1       1       0   .abs_section_55
     _IICA                                       58       1       1       0   .abs_section_58
     _IICF                                       59       1       1       0   .abs_section_59
     _IICC1                                      5A       1       1       0   .abs_section_5a
     _IICS                                       5B       1       1       0   .abs_section_5b
     _IICD                                       5C       1       1       0   .abs_section_5c
     _IICC2                                      5D       1       1       0   .abs_section_5d
     _TPM2SC                                     60       1       1       0   .abs_section_60
     _TPM2C0SC                                   65       1       1       0   .abs_section_65
     _TPM2C1SC                                   68       1       1       0   .abs_section_68
     _RTCSC                                      6C       1       1       0   .abs_section_6c
     _RTCCNT                                     6D       1       1       0   .abs_section_6d
     _RTCMOD                                     6E       1       1       0   .abs_section_6e
     _SRS                                      1800       1       1       0   .abs_section_1800
     _SBDFR                                    1801       1       1       0   .abs_section_1801
     _SOPT1                                    1802       1       1       0   .abs_section_1802
     _SOPT2                                    1803       1       1       0   .abs_section_1803
     _SPMSC1                                   1809       1       1       0   .abs_section_1809
     _SPMSC2                                   180A       1       1       0   .abs_section_180a
     _DBGC                                     1816       1       1       0   .abs_section_1816
     _DBGT                                     1817       1       1       0   .abs_section_1817
     _DBGS                                     1818       1       1       0   .abs_section_1818
     _FCDIV                                    1820       1       1       0   .abs_section_1820
     _FOPT                                     1821       1       1       0   .abs_section_1821
     _FCNFG                                    1823       1       1       0   .abs_section_1823
     _FPROT                                    1824       1       1       0   .abs_section_1824
     _FSTAT                                    1825       1       1       0   .abs_section_1825
     _FCMD                                     1826       1       1       0   .abs_section_1826
     _PTAPE                                    1840       1       1       0   .abs_section_1840
     _PTASE                                    1841       1       1       0   .abs_section_1841
     _PTADS                                    1842       1       1       0   .abs_section_1842
     _PTASC                                    1844       1       1       0   .abs_section_1844
     _PTAPS                                    1845       1       1       0   .abs_section_1845
     _PTAES                                    1846       1       1       0   .abs_section_1846
     _PTBPE                                    1848       1       1       0   .abs_section_1848
     _PTBSE                                    1849       1       1       0   .abs_section_1849
     _PTBDS                                    184A       1       1       0   .abs_section_184a
     _PTBSC                                    184C       1       1       0   .abs_section_184c
     _PTBPS                                    184D       1       1       0   .abs_section_184d
     _PTBES                                    184E       1       1       0   .abs_section_184e
     _PTCPE                                    1850       1       1       0   .abs_section_1850
     _PTCSE                                    1851       1       1       0   .abs_section_1851
     _PTCDS                                    1852       1       1       0   .abs_section_1852
     _GNGC                                     1853       1       1       0   .abs_section_1853
     _ADCR                                       12       2       2       0   .abs_section_12
     _ADCCV                                      14       2       2       0   .abs_section_14
     _TPM1CNT                                    21       2       2       0   .abs_section_21
     _TPM1MOD                                    23       2       2       0   .abs_section_23
     _TPM1C0V                                    26       2       2       0   .abs_section_26
     _TPM1C1V                                    29       2       2       0   .abs_section_29
     _SCIBD                                      38       2       2       0   .abs_section_38
     _TPM2CNT                                    61       2       2       0   .abs_section_61
     _TPM2MOD                                    63       2       2       0   .abs_section_63
     _TPM2C0V                                    66       2       2       0   .abs_section_66
     _TPM2C1V                                    69       2       2       0   .abs_section_69
     _SDID                                     1806       2       2       0   .abs_section_1806
     _DBGCA                                    1810       2       2       0   .abs_section_1810
     _DBGCB                                    1812       2       2       0   .abs_section_1812
     _DBGF                                     1814       2       2       0   .abs_section_1814
MODULE:                 -- rtshc08.o (ansiis.lib) --
- PROCEDURES:
     _PUSH_ARGS_L                                 0'Error      20      32       0   .text       
     _ENTER_UNARY_L                               0'Error      29      41       0   .text       
     _ENTER_BINARY_L_LC                           0'Error      1A      26       0   .text       
     _IDIVMOD                                     0'Error      69     105       0   .text       
     _LDIVMOD                                     0'Error      A4     164       0   .text       
     _LDIVU_k_is_k_div_j                          0'Error      17      23       0   .text       
     _IMODU_STAR08                                0'Error      10      16       0   .text       
     _IMODU_8                                     0'Error      12      18       0   .text       
     _LDIVU_LC                                    0'Error       6       6       0   .text       
     _LLSL                                        0'Error      16      22       0   .text       
     _POP32                                       0'Error      1A      26       0   .text       
     _Jump_Table_Header_Offset                    0'Error      24      36       0   .text       
- VARIABLES:
MODULE:                 -- stdlib.o (ansiis.lib) --
- PROCEDURES:
     abs                                          0'Error      14      20       0   .text       
- VARIABLES:

*********************************************************************************************
MODULE STATISTIC
  Name                                      Data   Code  Const
---------------------------------------------------------------------------------------------

*********************************************************************************************
SECTION USE IN OBJECT-ALLOCATION SECTION
---------------------------------------------------------------------------------------------

*********************************************************************************************
OBJECT LIST SORTED BY ADDRESS
     Name                                      Addr   hSize   dSize     Ref    Section   RLIB
---------------------------------------------------------------------------------------------

*********************************************************************************************
UNUSED-OBJECTS SECTION
---------------------------------------------------------------------------------------------
NOT USED PROCEDURES
SCI_c.obj:
  SCI_read_string_from_buffer 
Sonido_c.obj:
  setFrecuenciaActual getError 
interaccion_c.obj:
  INTERACCION_showError 
rtshc08.o (ansiis.lib):
  _PUSH_ARGS_D _ENTER_UNARY_L64 _ENTER_UNARY_L64_4 _ENTER_BINARY_L 
  _ENTER_BINARY_L_RC _ENTER_BINARY_L64 _ENTER_BINARY_L64_LC 
  _ENTER_BINARY_L64_RC _SPLITSIGN _LADD_k_is_k_plus_j _k_is_k_plus_j_l 
  _k_is_k_plus_j_i _LSUB_k_is_k_minus_j _LAND_k_is_k_and_j _LOR_k_is_k_or_j 
  _LXOR_k_is_k_xor_j _LMUL_k_is_k_mul_j _NEG_L_HX _ABS_L_HX _SPLITSIGN_L 
  _LMODU_k_is_k_mod_j _LMODS_k_is_k_mod_j _LDIVS_k_is_k_div_j _LCMP_k_rel_j 
  _CMP24_k_rel_j _BMULS _BDIVS _BMODS _IMUL_STAR08 _IDIVS_STAR08 _IDIVU_STAR08 
  _IMODS_STAR08 _IDIVU_8 _IASR _ILSR _ILSL _ICMP _LINC _LDEC _LNEG _LNOT _LADD 
  _LADD_RC _LSUB _LSUB_LC _LSUB_RC _LAND _LAND_RC _LOR _LOR_RC _LXOR _LXOR_RC 
  _LMUL _LMUL_RC _LDIVS _LDIVS_LC _LDIVS_RC _LDIVU _LDIVU_RC _LMODS _LMODS_LC 
  _LMODS_RC _LMODU _LMODU_LC _LMODU_RC _LASR _LLSR _LCMP _LCMP_RC _PUSH_ARGS_24 
  _ENTER_BINARY_24_RC _ENTER_BINARY_24 _CMP24 _CMP24_RC _COPY _COPY_L _POP64 
  _STORE32 _STORE64 _SEXT8_32 _SEXT16_32 _CALL_STAR08 _CALL_STAR08_FAR 
  _Jump_Table_Addr _Jump_Table_Offset _Jump_Table_Header_Addr 
  _Search_Table_16_Addr _Search_Table_16_Offset _Search_Table_8_Addr 
  _Search_Table_8_Offset _PUSH_CC _POP_CC _CONV_FAR_TO_NEAR _CONV_FAR_TO_LINEAR 
  _CONV_LINEAR_TO_FAR 
stdlib.o (ansiis.lib):
  atexit getenv system mblen mbtowc wctomb mbstowcs wcstombs CheckCharWithBase 
  _strtoul strtoul _strtol strtol _itoa bsearch swap qsort div ldiv labs rand 
  srand 
NOT USED VARIABLES
MEF_c.obj:
  aux.2 
interaccion_c.obj:
  STRING....EL.ERROR.PRODUCID.17 
rtshc08.o (ansiis.lib):
  _PowOfTwo_8 _PowOfTwo_16 _PowOfTwo_32 errno 
stdlib.o (ansiis.lib):
  seed channels errno 

*********************************************************************************************
COPYDOWN SECTION
---------------------------------------------------------------------------------------------

*********************************************************************************************
OBJECT-DEPENDENCIES SECTION
---------------------------------------------------------------------------------------------

*********************************************************************************************
STATISTIC SECTION
---------------------------------------------------------------------------------------------

ExeFile:
--------
Number of blocks to be downloaded: 0
Total size of all blocks to be downloaded: 0

