*** EVALUATION ***
PROGRAM "tp3cdymc.abs"

*********************************************************************************************
TARGET SECTION
---------------------------------------------------------------------------------------------
Processor   : Freescale HC08
Memory Model: SMALL
File Format : ELF\DWARF 2.0
Linker      : SmartLinker V-5.0.41 Build 11006, Jan  7 2011

*********************************************************************************************
FILE SECTION
---------------------------------------------------------------------------------------------
MCUinit_c.obj                           Model: SMALL,         Lang: ANSI-C
MEF_c.obj                               Model: SMALL,         Lang: ANSI-C
SCI_c.obj                               Model: SMALL,         Lang: ANSI-C
interaccion_c.obj                       Model: SMALL,         Lang: ANSI-C
main_c.obj                              Model: SMALL,         Lang: ANSI-C
sonido_c.obj                            Model: SMALL,         Lang: ANSI-C
start08_c.obj                           Model: SMALL,         Lang: ANSI-C
mc9s08sh8_c.obj                         Model: SMALL,         Lang: ANSI-C
rtshc08.o (ansiis.lib)                  Model: SMALL,         Lang: ANSI-C
stdlib.o (ansiis.lib)                   Model: SMALL,         Lang: ANSI-C

*********************************************************************************************
STARTUP SECTION
---------------------------------------------------------------------------------------------
Entry point: 0xE07B (_Startup)
_startupData is allocated at 0xE084 and uses 6 Bytes
extern struct _tagStartup {
  unsigned nofZeroOut     1
  _Range   pZeroOut       0x100     90
  _Copy    *toCopyDownBeg 0xF0BF
} _startupData;

*********************************************************************************************
SECTION-ALLOCATION SECTION
Section Name                    Size  Type     From       To       Segment
---------------------------------------------------------------------------------------------
.init                            132     R     0xE000     0xE083   ROM
.startData                        14     R     0xE084     0xE091   ROM
.rodata1                        1238     R     0xE092     0xE567   ROM
.text                           2903     R     0xE568     0xF0BE   ROM
.copy                              2     R     0xF0BF     0xF0C0   ROM
.abs_section_ffbd                  1     R     0xFFBD     0xFFBD   .absSeg0
.abs_section_ffbf                  1     R     0xFFBF     0xFFBF   .absSeg1
.abs_section_ffc0                 64     R     0xFFC0     0xFFFF   .absSeg2
.abs_section_0                     1   N/I        0x0        0x0   .absSeg3
.abs_section_1                     1   N/I        0x1        0x1   .absSeg4
.abs_section_2                     1   N/I        0x2        0x2   .absSeg5
.abs_section_3                     1   N/I        0x3        0x3   .absSeg6
.abs_section_4                     1   N/I        0x4        0x4   .absSeg7
.abs_section_5                     1   N/I        0x5        0x5   .absSeg8
.abs_section_e                     1   N/I        0xE        0xE   .absSeg9
.abs_section_10                    1   N/I       0x10       0x10   .absSeg10
.abs_section_11                    1   N/I       0x11       0x11   .absSeg11
.abs_section_16                    1   N/I       0x16       0x16   .absSeg12
.abs_section_17                    1   N/I       0x17       0x17   .absSeg13
.abs_section_18                    1   N/I       0x18       0x18   .absSeg14
.abs_section_1a                    1   N/I       0x1A       0x1A   .absSeg15
.abs_section_1c                    1   N/I       0x1C       0x1C   .absSeg16
.abs_section_1d                    1   N/I       0x1D       0x1D   .absSeg17
.abs_section_1e                    1   N/I       0x1E       0x1E   .absSeg18
.abs_section_1f                    1   N/I       0x1F       0x1F   .absSeg19
.abs_section_20                    1   N/I       0x20       0x20   .absSeg20
.abs_section_25                    1   N/I       0x25       0x25   .absSeg21
.abs_section_28                    1   N/I       0x28       0x28   .absSeg22
.abs_section_3a                    1   N/I       0x3A       0x3A   .absSeg23
.abs_section_3b                    1   N/I       0x3B       0x3B   .absSeg24
.abs_section_3c                    1   N/I       0x3C       0x3C   .absSeg25
.abs_section_3d                    1   N/I       0x3D       0x3D   .absSeg26
.abs_section_3e                    1   N/I       0x3E       0x3E   .absSeg27
.abs_section_3f                    1   N/I       0x3F       0x3F   .absSeg28
.abs_section_48                    1   N/I       0x48       0x48   .absSeg29
.abs_section_49                    1   N/I       0x49       0x49   .absSeg30
.abs_section_4a                    1   N/I       0x4A       0x4A   .absSeg31
.abs_section_4b                    1   N/I       0x4B       0x4B   .absSeg32
.abs_section_50                    1   N/I       0x50       0x50   .absSeg33
.abs_section_51                    1   N/I       0x51       0x51   .absSeg34
.abs_section_52                    1   N/I       0x52       0x52   .absSeg35
.abs_section_53                    1   N/I       0x53       0x53   .absSeg36
.abs_section_55                    1   N/I       0x55       0x55   .absSeg37
.abs_section_58                    1   N/I       0x58       0x58   .absSeg38
.abs_section_59                    1   N/I       0x59       0x59   .absSeg39
.abs_section_5a                    1   N/I       0x5A       0x5A   .absSeg40
.abs_section_5b                    1   N/I       0x5B       0x5B   .absSeg41
.abs_section_5c                    1   N/I       0x5C       0x5C   .absSeg42
.abs_section_5d                    1   N/I       0x5D       0x5D   .absSeg43
.abs_section_60                    1   N/I       0x60       0x60   .absSeg44
.abs_section_65                    1   N/I       0x65       0x65   .absSeg45
.abs_section_68                    1   N/I       0x68       0x68   .absSeg46
.abs_section_6c                    1   N/I       0x6C       0x6C   .absSeg47
.abs_section_6d                    1   N/I       0x6D       0x6D   .absSeg48
.abs_section_6e                    1   N/I       0x6E       0x6E   .absSeg49
.abs_section_1800                  1   N/I     0x1800     0x1800   .absSeg50
.abs_section_1801                  1   N/I     0x1801     0x1801   .absSeg51
.abs_section_1802                  1   N/I     0x1802     0x1802   .absSeg52
.abs_section_1803                  1   N/I     0x1803     0x1803   .absSeg53
.abs_section_1809                  1   N/I     0x1809     0x1809   .absSeg54
.abs_section_180a                  1   N/I     0x180A     0x180A   .absSeg55
.abs_section_1816                  1   N/I     0x1816     0x1816   .absSeg56
.abs_section_1817                  1   N/I     0x1817     0x1817   .absSeg57
.abs_section_1818                  1   N/I     0x1818     0x1818   .absSeg58
.abs_section_1820                  1   N/I     0x1820     0x1820   .absSeg59
.abs_section_1821                  1   N/I     0x1821     0x1821   .absSeg60
.abs_section_1823                  1   N/I     0x1823     0x1823   .absSeg61
.abs_section_1824                  1   N/I     0x1824     0x1824   .absSeg62
.abs_section_1825                  1   N/I     0x1825     0x1825   .absSeg63
.abs_section_1826                  1   N/I     0x1826     0x1826   .absSeg64
.abs_section_1840                  1   N/I     0x1840     0x1840   .absSeg65
.abs_section_1841                  1   N/I     0x1841     0x1841   .absSeg66
.abs_section_1842                  1   N/I     0x1842     0x1842   .absSeg67
.abs_section_1844                  1   N/I     0x1844     0x1844   .absSeg68
.abs_section_1845                  1   N/I     0x1845     0x1845   .absSeg69
.abs_section_1846                  1   N/I     0x1846     0x1846   .absSeg70
.abs_section_1848                  1   N/I     0x1848     0x1848   .absSeg71
.abs_section_1849                  1   N/I     0x1849     0x1849   .absSeg72
.abs_section_184a                  1   N/I     0x184A     0x184A   .absSeg73
.abs_section_184c                  1   N/I     0x184C     0x184C   .absSeg74
.abs_section_184d                  1   N/I     0x184D     0x184D   .absSeg75
.abs_section_184e                  1   N/I     0x184E     0x184E   .absSeg76
.abs_section_1850                  1   N/I     0x1850     0x1850   .absSeg77
.abs_section_1851                  1   N/I     0x1851     0x1851   .absSeg78
.abs_section_1852                  1   N/I     0x1852     0x1852   .absSeg79
.abs_section_1853                  1   N/I     0x1853     0x1853   .absSeg80
.abs_section_12                    2   N/I       0x12       0x13   .absSeg81
.abs_section_14                    2   N/I       0x14       0x15   .absSeg82
.abs_section_21                    2   N/I       0x21       0x22   .absSeg83
.abs_section_23                    2   N/I       0x23       0x24   .absSeg84
.abs_section_26                    2   N/I       0x26       0x27   .absSeg85
.abs_section_29                    2   N/I       0x29       0x2A   .absSeg86
.abs_section_38                    2   N/I       0x38       0x39   .absSeg87
.abs_section_61                    2   N/I       0x61       0x62   .absSeg88
.abs_section_63                    2   N/I       0x63       0x64   .absSeg89
.abs_section_66                    2   N/I       0x66       0x67   .absSeg90
.abs_section_69                    2   N/I       0x69       0x6A   .absSeg91
.abs_section_1806                  2   N/I     0x1806     0x1807   .absSeg92
.abs_section_1810                  2   N/I     0x1810     0x1811   .absSeg93
.abs_section_1812                  2   N/I     0x1812     0x1813   .absSeg94
.abs_section_1814                  2   N/I     0x1814     0x1815   .absSeg95
.bss                              83   R/W      0x100      0x152   RAM
.common                            7   R/W      0x153      0x159   RAM
.stack                            64   R/W      0x15A      0x199   RAM

Summary of section sizes per section type:
READ_ONLY (R):        1103 (dec:     4355)
READ_WRITE (R/W):       9A (dec:      154)
NO_INIT (N/I):          6C (dec:      108)

*********************************************************************************************
VECTOR-ALLOCATION SECTION
    Address     InitValue   InitFunction
---------------------------------------------------------------------------------------------

*********************************************************************************************
OBJECT-ALLOCATION SECTION
     Name               Module                 Addr   hSize   dSize     Ref    Section   RLIB
---------------------------------------------------------------------------------------------
MODULE:                 -- MCUinit_c.obj --
- PROCEDURES:
     MCU_init                                  E568      91     145       1   .text       
     isrVscitx                                 E5F9       9       9       1   .text       
     isrVscirx                                 E602       6       6       1   .text       
     isrVscierr                                E608       1       1       1   .text       
     isrVtpm2ovf                               E609       1       1       1   .text       
     isrVtpm2ch0                               E60A      21      33       1   .text       
     isrVtpm1ovf                               E62B       1       1       1   .text       
     isrVtpm1ch1                               E62C      1E      30       1   .text       
     isrVtpm1ch0                               E64A       1       1       1   .text       
- VARIABLES:
     NVPROT_INIT                               FFBD       1       1       0   .abs_section_ffbd
     NVOPT_INIT                                FFBF       1       1       0   .abs_section_ffbf
     _vect                                     FFC0      40      64       0   .abs_section_ffc0
     NC                                         153       2       2       4   .common     
     NC0                                        155       2       2       2   .common     
MODULE:                 -- MEF_c.obj --
- PROCEDURES:
     MEF_init                                  E64B       B      11       6   .text       
     MEF_update                                E656      3A      58       1   .text       
     estado_init                               E690      1A      26       1   .text       
     estado_pedir_f                            E6AA      2E      46       1   .text       
     estado_m1_on                              E6D8      22      34       1   .text       
     estado_m1_off                             E6FA      22      34       1   .text       
     estado_pedir_t                            E71C      3F      63       1   .text       
     estado_m2_on                              E75B      22      34       1   .text       
     estado_m2_off                             E77D      22      34       1   .text       
     verifyFreq                                E79F      25      37       1   .text       
- VARIABLES:
     actual                                     100       2       2      10   .bss        
     entrada                                    102       1       1       1   .bss        
     in.1                                       103       2       2       3   .bss        
MODULE:                 -- SCI_c.obj --
- PROCEDURES:
     SCI_send_char                             E7C4      20      32       1   .text       
     SCI_receive_char                          E7E4      3F      63       1   .text       
     SCI_write_string_to_buffer                E823      24      36      21   .text       
     SCI_read_from_buffer                      E847       6       6      13   .text       
- VARIABLES:
     indexR                                     105       1       1       4   .bss        
     indexW                                     106       1       1       8   .bss        
     cont                                       107       1       1       4   .bss        
     buffer_tx                                  108      20      32       2   .bss        
     buffer_rx                                  128      20      32       2   .bss        
     flag_r                                     157       1       1       3   .common     
     flag_e                                     158       1       1       2   .common     
     rxchar                                     159       1       1       2   .common     
MODULE:                 -- interaccion_c.obj --
- PROCEDURES:
     INTERACCION_init                          E84D      7C     124       1   .text       
     INTERACCION_default                       E8C9      6B     107       2   .text       
     INTERACCION_askF                          E934      39      57       1   .text       
     INTERACCION_askB                          E96D      6B     107       1   .text       
     INTERACCION_showB                         E9D8      40      64       1   .text       
     INTERACCION_showF                         EA18      66     102       1   .text       
     INTERACCION_showC                         EA7E       6       6       8   .text       
     INTERACCION_showEBF                       EA84      21      33       1   .text       
     INTERACCION_showEE                        EAA5      21      33       6   .text       
     INTERACCION_showEF                        EAC6      21      33       1   .text       
     INTERACCION_analizeInput                  EAE7      4B      75       1   .text       
     INTERACCION_getInput                      EB32      F3     243      16   .text       
     INTERACCION_getFreq                       EC25      77     119       1   .text       
     numero                                    EC9C       B      11       3   .text       
     letra                                     ECA7      4F      79       1   .text       
- VARIABLES:
     STRING......BIENVENIDOS.AL..1             E092      2C      44       1   .rodata1    
     STRING....ESCOGER.MODO.DE.F.2             E0BE      23      35       1   .rodata1    
     STRING....Modo.F..Sonido.de.3             E0E1      25      37       1   .rodata1    
     STRING....Modo.B..Barrido.d.4             E106      22      34       1   .rodata1    
     STRING....ingresar.la.letra.5             E128      25      37       1   .rodata1    
     STRING....al.modo.deseado..6              E14D      14      20       1   .rodata1    
     STRING....para.confirmar.pr.7             E161      22      34       1   .rodata1    
     STRING....DESDE.ESTE.MOMENT.8             E183      17      23       1   .rodata1    
     STRING...EL.PROGRAMA.SE.SIR.9             E19A      33      51       1   .rodata1    
     STRING....ON..Iniciar.repro.10            E1CD      26      38       1   .rodata1    
     STRING....OFF..Detener.repr.11            E1F3      27      39       1   .rodata1    
     STRING....RESET..Reiniciar..12            E21A      1D      29       1   .rodata1    
     STRING.....para.confirmar.p.13            E237      24      36       1   .rodata1    
     STRING....INGRESAR.LA.FRECU.14            E25B      38      56       1   .rodata1    
     STRING....Rango.de.frecuenc.15            E293      4A      74       1   .rodata1    
     STRING.....para.confirmar.p.16            E2DD      23      35       1   .rodata1    
     STRING....INGRESE.EL.MODO.D.17            E300      29      41       1   .rodata1    
     STRING....T1..5.seg.18                    E329       D      13       1   .rodata1    
     STRING....T2..10.seg.19                   E336       E      14       1   .rodata1    
     STRING....T3..15.seg.20                   E344       E      14       1   .rodata1    
     STRING.....ingresar.el.n.me.21            E352      3D      61       1   .rodata1    
     STRING.para.confirmar.presi.22            E38F      1F      31       1   .rodata1    
     STRING.....OPCION.GUARDADA.23             E3AE      14      20       1   .rodata1    
     STRING.....SE.REALIZARA.UN..24            E3C2      2C      44       1   .rodata1    
     STRING.....SE.REALIZARA.UN..25            E3EE      2D      45       1   .rodata1    
     STRING.....SE.REALIZARA.UN..26            E41B      2D      45       1   .rodata1    
     STRING.....FRECUENCIA.GUARD.27            E448      18      24       1   .rodata1    
     STRING.....EL.ERROR.PRODUCI.28            E460      1E      30       1   .rodata1    
     STRING..FRECUENCIA.SELECION.29            E47E      1F      31       1   .rodata1    
     STRING..Hz.30                             E49D       4       4       1   .rodata1    
     STRING.....COMANDO.ACEPTADO.31            E4A1      18      24       1   .rodata1    
     STRING...ERROR..DEMASIADAS..32            E4B9      27      39       1   .rodata1    
     STRING....Comience.nuevamen.33            E4E0      19      25       1   .rodata1    
     STRING...ERROR..ENTRADA.INV.34            E4F9      1A      26       1   .rodata1    
     STRING....Comience.nuevamen.35            E513      19      25       1   .rodata1    
     STRING...ERROR..FRECUENCIA..36            E52C      23      35       1   .rodata1    
     STRING....Comience.nuevamen.37            E54F      19      25       1   .rodata1    
     flag_n                                     148       1       1       5   .bss        
     indexR                                     149       1       1       6   .bss        
     delay                                      14A       2       2      44   .bss        
MODULE:                 -- main_c.obj --
- PROCEDURES:
     main                                      ECF6      29      41       1   .text       
- VARIABLES:
MODULE:                 -- sonido_c.obj --
- PROCEDURES:
     SONIDO_init                               ED1F       3       3       1   .text       
     SONIDO_getError                           ED22       4       4       1   .text       
     SONIDO_siguiente_f                        ED26      16      22       1   .text       
     SONIDO_prender_m1                         ED3C      11      17       1   .text       
     SONIDO_prender_m2                         ED4D      1C      28       1   .text       
     SONIDO_apagar                             ED69       E      14       3   .text       
     SONIDO_reanudar                           ED77      14      20       2   .text       
     SONIDO_calcular_NC                        ED8B      4E      78       3   .text       
     SONIDO_calcular_NC0                       EDD9      2D      45       1   .text       
- VARIABLES:
     frecuenciaActual                           14C       2       2       9   .bss        
     errorDeReproduccion                        14E       2       2       2   .bss        
     modoActual                                 150       1       1       3   .bss        
     TPM1C1V_aux                                151       2       2       4   .bss        
MODULE:                 -- start08_c.obj --
- PROCEDURES:
     loadByte                                  E000       E      14       5   .init       
     Init                                      E00E      6D     109       1   .init       
     _Startup                                  E07B       9       9       1   .init       
- VARIABLES:
     _startupData                              E084       6       6       4   .startData  
- LABELS:
     __SEG_END_SSTACK                           19A       0       0       1               
MODULE:                 -- mc9s08sh8_c.obj --
- PROCEDURES:
- VARIABLES:
     _PTAD                                        0       1       1       0   .abs_section_0
     _PTADD                                       1       1       1       0   .abs_section_1
     _PTBD                                        2       1       1       0   .abs_section_2
     _PTBDD                                       3       1       1       0   .abs_section_3
     _PTCD                                        4       1       1       0   .abs_section_4
     _PTCDD                                       5       1       1       0   .abs_section_5
     _ACMPSC                                      E       1       1       0   .abs_section_e
     _ADCSC1                                     10       1       1       0   .abs_section_10
     _ADCSC2                                     11       1       1       0   .abs_section_11
     _ADCCFG                                     16       1       1       0   .abs_section_16
     _APCTL1                                     17       1       1       0   .abs_section_17
     _APCTL2                                     18       1       1       0   .abs_section_18
     _IRQSC                                      1A       1       1       0   .abs_section_1a
     _MTIMSC                                     1C       1       1       0   .abs_section_1c
     _MTIMCLK                                    1D       1       1       0   .abs_section_1d
     _MTIMCNT                                    1E       1       1       0   .abs_section_1e
     _MTIMMOD                                    1F       1       1       0   .abs_section_1f
     _TPM1SC                                     20       1       1       3   .abs_section_20
     _TPM1C0SC                                   25       1       1       2   .abs_section_25
     _TPM1C1SC                                   28       1       1       5   .abs_section_28
     _SCIC1                                      3A       1       1       1   .abs_section_3a
     _SCIC2                                      3B       1       1       4   .abs_section_3b
     _SCIS1                                      3C       1       1       3   .abs_section_3c
     _SCIS2                                      3D       1       1       1   .abs_section_3d
     _SCIC3                                      3E       1       1       1   .abs_section_3e
     _SCID                                       3F       1       1       3   .abs_section_3f
     _ICSC1                                      48       1       1       1   .abs_section_48
     _ICSC2                                      49       1       1       1   .abs_section_49
     _ICSTRM                                     4A       1       1       1   .abs_section_4a
     _ICSSC                                      4B       1       1       2   .abs_section_4b
     _SPIC1                                      50       1       1       0   .abs_section_50
     _SPIC2                                      51       1       1       0   .abs_section_51
     _SPIBR                                      52       1       1       0   .abs_section_52
     _SPIS                                       53       1       1       0   .abs_section_53
     _SPID                                       55       1       1       0   .abs_section_55
     _IICA                                       58       1       1       0   .abs_section_58
     _IICF                                       59       1       1       0   .abs_section_59
     _IICC1                                      5A       1       1       0   .abs_section_5a
     _IICS                                       5B       1       1       0   .abs_section_5b
     _IICD                                       5C       1       1       0   .abs_section_5c
     _IICC2                                      5D       1       1       0   .abs_section_5d
     _TPM2SC                                     60       1       1       3   .abs_section_60
     _TPM2C0SC                                   65       1       1       6   .abs_section_65
     _TPM2C1SC                                   68       1       1       0   .abs_section_68
     _RTCSC                                      6C       1       1       0   .abs_section_6c
     _RTCCNT                                     6D       1       1       0   .abs_section_6d
     _RTCMOD                                     6E       1       1       0   .abs_section_6e
     _SRS                                      1800       1       1       0   .abs_section_1800
     _SBDFR                                    1801       1       1       0   .abs_section_1801
     _SOPT1                                    1802       1       1       1   .abs_section_1802
     _SOPT2                                    1803       1       1       1   .abs_section_1803
     _SPMSC1                                   1809       1       1       1   .abs_section_1809
     _SPMSC2                                   180A       1       1       1   .abs_section_180a
     _DBGC                                     1816       1       1       0   .abs_section_1816
     _DBGT                                     1817       1       1       0   .abs_section_1817
     _DBGS                                     1818       1       1       0   .abs_section_1818
     _FCDIV                                    1820       1       1       0   .abs_section_1820
     _FOPT                                     1821       1       1       0   .abs_section_1821
     _FCNFG                                    1823       1       1       0   .abs_section_1823
     _FPROT                                    1824       1       1       0   .abs_section_1824
     _FSTAT                                    1825       1       1       0   .abs_section_1825
     _FCMD                                     1826       1       1       0   .abs_section_1826
     _PTAPE                                    1840       1       1       0   .abs_section_1840
     _PTASE                                    1841       1       1       1   .abs_section_1841
     _PTADS                                    1842       1       1       1   .abs_section_1842
     _PTASC                                    1844       1       1       0   .abs_section_1844
     _PTAPS                                    1845       1       1       0   .abs_section_1845
     _PTAES                                    1846       1       1       0   .abs_section_1846
     _PTBPE                                    1848       1       1       0   .abs_section_1848
     _PTBSE                                    1849       1       1       1   .abs_section_1849
     _PTBDS                                    184A       1       1       1   .abs_section_184a
     _PTBSC                                    184C       1       1       0   .abs_section_184c
     _PTBPS                                    184D       1       1       0   .abs_section_184d
     _PTBES                                    184E       1       1       0   .abs_section_184e
     _PTCPE                                    1850       1       1       1   .abs_section_1850
     _PTCSE                                    1851       1       1       1   .abs_section_1851
     _PTCDS                                    1852       1       1       1   .abs_section_1852
     _GNGC                                     1853       1       1       1   .abs_section_1853
     _ADCR                                       12       2       2       0   .abs_section_12
     _ADCCV                                      14       2       2       0   .abs_section_14
     _TPM1CNT                                    21       2       2       0   .abs_section_21
     _TPM1MOD                                    23       2       2       1   .abs_section_23
     _TPM1C0V                                    26       2       2       1   .abs_section_26
     _TPM1C1V                                    29       2       2       6   .abs_section_29
     _SCIBD                                      38       2       2       2   .abs_section_38
     _TPM2CNT                                    61       2       2       0   .abs_section_61
     _TPM2MOD                                    63       2       2       1   .abs_section_63
     _TPM2C0V                                    66       2       2       3   .abs_section_66
     _TPM2C1V                                    69       2       2       0   .abs_section_69
     _SDID                                     1806       2       2       0   .abs_section_1806
     _DBGCA                                    1810       2       2       0   .abs_section_1810
     _DBGCB                                    1812       2       2       0   .abs_section_1812
     _DBGF                                     1814       2       2       0   .abs_section_1814
MODULE:                 -- rtshc08.o (ansiis.lib) --
- PROCEDURES:
     _PUSH_ARGS_L                              EE06      20      32       1   .text       
     _ENTER_UNARY_L                            EE26      29      41       1   .text       
     _ENTER_BINARY_L_LC                        EE4F      1A      26       1   .text       
     _IDIVMOD                                  EE69      69     105       2   .text       
     _LDIVMOD                                  EED2      A4     164       1   .text       
     _LDIVU_k_is_k_div_j                       EF76      17      23       1   .text       
     _IMUL_STAR08                              EF8D      27      39       1   .text       
     _IDIVU_STAR08                             EFB4       D      13       1   .text       
     _IMODU_STAR08                             EFC1      10      16       1   .text       
     _IDIVU_8                                  EFD1       E      14       1   .text       
     _IMODU_8                                  EFDF      12      18       2   .text       
     _ILSL                                     EFF1       C      12       1   .text       
     _ICMP                                     EFFD      16      22       1   .text       
     _LDIVU_LC                                 F013       6       6       3   .text       
     _LLSL                                     F019      16      22       1   .text       
     _POP32                                    F02F      1A      26       3   .text       
     _Jump_Table_Offset                        F049      19      25       2   .text       
     _Jump_Table_Header_Offset                 F062      24      36       2   .text       
     _Search_Table_8_Offset                    F086      25      37       1   .text       
- VARIABLES:
MODULE:                 -- stdlib.o (ansiis.lib) --
- PROCEDURES:
     abs                                       F0AB      14      20       1   .text       
- VARIABLES:

*********************************************************************************************
MODULE STATISTIC
  Name                                      Data   Code  Const
---------------------------------------------------------------------------------------------
  MCUinit_c.obj                                4    227     66
  MEF_c.obj                                    5    377      0
  SCI_c.obj                                   70    137      0
  interaccion_c.obj                            4   1193   1238
  main_c.obj                                   0     41      0
  sonido_c.obj                                 7    231      0
  start08_c.obj                                0    132      0
  mc9s08sh8_c.obj                            108      0      0
  rtshc08.o (ansiis.lib)                       0    677      0
  stdlib.o (ansiis.lib)                        0     20      0
  other                                       64     14      2

*********************************************************************************************
SECTION USE IN OBJECT-ALLOCATION SECTION
---------------------------------------------------------------------------------------------
SECTION: ".text"
  MCU_init isrVscitx isrVscirx isrVscierr isrVtpm2ovf isrVtpm2ch0 isrVtpm1ovf 
  isrVtpm1ch1 isrVtpm1ch0 MEF_init MEF_update estado_init estado_pedir_f 
  estado_m1_on estado_m1_off estado_pedir_t estado_m2_on estado_m2_off 
  verifyFreq SCI_send_char SCI_receive_char SCI_write_string_to_buffer 
  SCI_read_from_buffer INTERACCION_init INTERACCION_default INTERACCION_askF 
  INTERACCION_askB INTERACCION_showB INTERACCION_showF INTERACCION_showC 
  INTERACCION_showEBF INTERACCION_showEE INTERACCION_showEF 
  INTERACCION_analizeInput INTERACCION_getInput INTERACCION_getFreq numero 
  letra main SONIDO_init SONIDO_getError SONIDO_siguiente_f SONIDO_prender_m1 
  SONIDO_prender_m2 SONIDO_apagar SONIDO_reanudar SONIDO_calcular_NC 
  SONIDO_calcular_NC0 _PUSH_ARGS_L _ENTER_UNARY_L _ENTER_BINARY_L_LC _IDIVMOD 
  _LDIVMOD _LDIVU_k_is_k_div_j _IMUL_STAR08 _IDIVU_STAR08 _IMODU_STAR08 
  _IDIVU_8 _IMODU_8 _ILSL _ICMP _LDIVU_LC _LLSL _POP32 _Jump_Table_Offset 
  _Jump_Table_Header_Offset _Search_Table_8_Offset abs 
SECTION: ".bss"
  actual entrada in.1 indexR indexW cont buffer_tx buffer_rx flag_n indexR 
  delay frecuenciaActual errorDeReproduccion modoActual TPM1C1V_aux 
SECTION: ".init"
  loadByte Init _Startup 
SECTION: ".rodata1"
  STRING......BIENVENIDOS.AL..1 STRING....ESCOGER.MODO.DE.F.2 
  STRING....Modo.F..Sonido.de.3 STRING....Modo.B..Barrido.d.4 
  STRING....ingresar.la.letra.5 STRING....al.modo.deseado..6 
  STRING....para.confirmar.pr.7 STRING....DESDE.ESTE.MOMENT.8 
  STRING...EL.PROGRAMA.SE.SIR.9 STRING....ON..Iniciar.repro.10 
  STRING....OFF..Detener.repr.11 STRING....RESET..Reiniciar..12 
  STRING.....para.confirmar.p.13 STRING....INGRESAR.LA.FRECU.14 
  STRING....Rango.de.frecuenc.15 STRING.....para.confirmar.p.16 
  STRING....INGRESE.EL.MODO.D.17 STRING....T1..5.seg.18 STRING....T2..10.seg.19 
  STRING....T3..15.seg.20 STRING.....ingresar.el.n.me.21 
  STRING.para.confirmar.presi.22 STRING.....OPCION.GUARDADA.23 
  STRING.....SE.REALIZARA.UN..24 STRING.....SE.REALIZARA.UN..25 
  STRING.....SE.REALIZARA.UN..26 STRING.....FRECUENCIA.GUARD.27 
  STRING.....EL.ERROR.PRODUCI.28 STRING..FRECUENCIA.SELECION.29 STRING..Hz.30 
  STRING.....COMANDO.ACEPTADO.31 STRING...ERROR..DEMASIADAS..32 
  STRING....Comience.nuevamen.33 STRING...ERROR..ENTRADA.INV.34 
  STRING....Comience.nuevamen.35 STRING...ERROR..FRECUENCIA..36 
  STRING....Comience.nuevamen.37 
SECTION: ".abs_section_ffbd"
  NVPROT_INIT 
SECTION: ".abs_section_ffbf"
  NVOPT_INIT 
SECTION: ".abs_section_ffc0"
  _vect 
SECTION: ".common"
  NC NC0 flag_r flag_e rxchar 
SECTION: ".abs_section_0"
  _PTAD 
SECTION: ".abs_section_1"
  _PTADD 
SECTION: ".abs_section_2"
  _PTBD 
SECTION: ".abs_section_3"
  _PTBDD 
SECTION: ".abs_section_4"
  _PTCD 
SECTION: ".abs_section_5"
  _PTCDD 
SECTION: ".abs_section_e"
  _ACMPSC 
SECTION: ".abs_section_10"
  _ADCSC1 
SECTION: ".abs_section_11"
  _ADCSC2 
SECTION: ".abs_section_16"
  _ADCCFG 
SECTION: ".abs_section_17"
  _APCTL1 
SECTION: ".abs_section_18"
  _APCTL2 
SECTION: ".abs_section_1a"
  _IRQSC 
SECTION: ".abs_section_1c"
  _MTIMSC 
SECTION: ".abs_section_1d"
  _MTIMCLK 
SECTION: ".abs_section_1e"
  _MTIMCNT 
SECTION: ".abs_section_1f"
  _MTIMMOD 
SECTION: ".abs_section_20"
  _TPM1SC 
SECTION: ".abs_section_25"
  _TPM1C0SC 
SECTION: ".abs_section_28"
  _TPM1C1SC 
SECTION: ".abs_section_3a"
  _SCIC1 
SECTION: ".abs_section_3b"
  _SCIC2 
SECTION: ".abs_section_3c"
  _SCIS1 
SECTION: ".abs_section_3d"
  _SCIS2 
SECTION: ".abs_section_3e"
  _SCIC3 
SECTION: ".abs_section_3f"
  _SCID 
SECTION: ".abs_section_48"
  _ICSC1 
SECTION: ".abs_section_49"
  _ICSC2 
SECTION: ".abs_section_4a"
  _ICSTRM 
SECTION: ".abs_section_4b"
  _ICSSC 
SECTION: ".abs_section_50"
  _SPIC1 
SECTION: ".abs_section_51"
  _SPIC2 
SECTION: ".abs_section_52"
  _SPIBR 
SECTION: ".abs_section_53"
  _SPIS 
SECTION: ".abs_section_55"
  _SPID 
SECTION: ".abs_section_58"
  _IICA 
SECTION: ".abs_section_59"
  _IICF 
SECTION: ".abs_section_5a"
  _IICC1 
SECTION: ".abs_section_5b"
  _IICS 
SECTION: ".abs_section_5c"
  _IICD 
SECTION: ".abs_section_5d"
  _IICC2 
SECTION: ".abs_section_60"
  _TPM2SC 
SECTION: ".abs_section_65"
  _TPM2C0SC 
SECTION: ".abs_section_68"
  _TPM2C1SC 
SECTION: ".abs_section_6c"
  _RTCSC 
SECTION: ".abs_section_6d"
  _RTCCNT 
SECTION: ".abs_section_6e"
  _RTCMOD 
SECTION: ".abs_section_1800"
  _SRS 
SECTION: ".abs_section_1801"
  _SBDFR 
SECTION: ".abs_section_1802"
  _SOPT1 
SECTION: ".abs_section_1803"
  _SOPT2 
SECTION: ".abs_section_1809"
  _SPMSC1 
SECTION: ".abs_section_180a"
  _SPMSC2 
SECTION: ".abs_section_1816"
  _DBGC 
SECTION: ".abs_section_1817"
  _DBGT 
SECTION: ".abs_section_1818"
  _DBGS 
SECTION: ".abs_section_1820"
  _FCDIV 
SECTION: ".abs_section_1821"
  _FOPT 
SECTION: ".abs_section_1823"
  _FCNFG 
SECTION: ".abs_section_1824"
  _FPROT 
SECTION: ".abs_section_1825"
  _FSTAT 
SECTION: ".abs_section_1826"
  _FCMD 
SECTION: ".abs_section_1840"
  _PTAPE 
SECTION: ".abs_section_1841"
  _PTASE 
SECTION: ".abs_section_1842"
  _PTADS 
SECTION: ".abs_section_1844"
  _PTASC 
SECTION: ".abs_section_1845"
  _PTAPS 
SECTION: ".abs_section_1846"
  _PTAES 
SECTION: ".abs_section_1848"
  _PTBPE 
SECTION: ".abs_section_1849"
  _PTBSE 
SECTION: ".abs_section_184a"
  _PTBDS 
SECTION: ".abs_section_184c"
  _PTBSC 
SECTION: ".abs_section_184d"
  _PTBPS 
SECTION: ".abs_section_184e"
  _PTBES 
SECTION: ".abs_section_1850"
  _PTCPE 
SECTION: ".abs_section_1851"
  _PTCSE 
SECTION: ".abs_section_1852"
  _PTCDS 
SECTION: ".abs_section_1853"
  _GNGC 
SECTION: ".abs_section_12"
  _ADCR 
SECTION: ".abs_section_14"
  _ADCCV 
SECTION: ".abs_section_21"
  _TPM1CNT 
SECTION: ".abs_section_23"
  _TPM1MOD 
SECTION: ".abs_section_26"
  _TPM1C0V 
SECTION: ".abs_section_29"
  _TPM1C1V 
SECTION: ".abs_section_38"
  _SCIBD 
SECTION: ".abs_section_61"
  _TPM2CNT 
SECTION: ".abs_section_63"
  _TPM2MOD 
SECTION: ".abs_section_66"
  _TPM2C0V 
SECTION: ".abs_section_69"
  _TPM2C1V 
SECTION: ".abs_section_1806"
  _SDID 
SECTION: ".abs_section_1810"
  _DBGCA 
SECTION: ".abs_section_1812"
  _DBGCB 
SECTION: ".abs_section_1814"
  _DBGF 

*********************************************************************************************
OBJECT LIST SORTED BY ADDRESS
     Name                                      Addr   hSize   dSize     Ref    Section   RLIB
---------------------------------------------------------------------------------------------
     _PTAD                                        0       1       1       0   .abs_section_0
     _PTADD                                       1       1       1       0   .abs_section_1
     _PTBD                                        2       1       1       0   .abs_section_2
     _PTBDD                                       3       1       1       0   .abs_section_3
     _PTCD                                        4       1       1       0   .abs_section_4
     _PTCDD                                       5       1       1       0   .abs_section_5
     _ACMPSC                                      E       1       1       0   .abs_section_e
     _ADCSC1                                     10       1       1       0   .abs_section_10
     _ADCSC2                                     11       1       1       0   .abs_section_11
     _ADCR                                       12       2       2       0   .abs_section_12
     _ADCCV                                      14       2       2       0   .abs_section_14
     _ADCCFG                                     16       1       1       0   .abs_section_16
     _APCTL1                                     17       1       1       0   .abs_section_17
     _APCTL2                                     18       1       1       0   .abs_section_18
     _IRQSC                                      1A       1       1       0   .abs_section_1a
     _MTIMSC                                     1C       1       1       0   .abs_section_1c
     _MTIMCLK                                    1D       1       1       0   .abs_section_1d
     _MTIMCNT                                    1E       1       1       0   .abs_section_1e
     _MTIMMOD                                    1F       1       1       0   .abs_section_1f
     _TPM1SC                                     20       1       1       3   .abs_section_20
     _TPM1CNT                                    21       2       2       0   .abs_section_21
     _TPM1MOD                                    23       2       2       1   .abs_section_23
     _TPM1C0SC                                   25       1       1       2   .abs_section_25
     _TPM1C0V                                    26       2       2       1   .abs_section_26
     _TPM1C1SC                                   28       1       1       5   .abs_section_28
     _TPM1C1V                                    29       2       2       6   .abs_section_29
     _SCIBD                                      38       2       2       2   .abs_section_38
     _SCIC1                                      3A       1       1       1   .abs_section_3a
     _SCIC2                                      3B       1       1       4   .abs_section_3b
     _SCIS1                                      3C       1       1       3   .abs_section_3c
     _SCIS2                                      3D       1       1       1   .abs_section_3d
     _SCIC3                                      3E       1       1       1   .abs_section_3e
     _SCID                                       3F       1       1       3   .abs_section_3f
     _ICSC1                                      48       1       1       1   .abs_section_48
     _ICSC2                                      49       1       1       1   .abs_section_49
     _ICSTRM                                     4A       1       1       1   .abs_section_4a
     _ICSSC                                      4B       1       1       2   .abs_section_4b
     _SPIC1                                      50       1       1       0   .abs_section_50
     _SPIC2                                      51       1       1       0   .abs_section_51
     _SPIBR                                      52       1       1       0   .abs_section_52
     _SPIS                                       53       1       1       0   .abs_section_53
     _SPID                                       55       1       1       0   .abs_section_55
     _IICA                                       58       1       1       0   .abs_section_58
     _IICF                                       59       1       1       0   .abs_section_59
     _IICC1                                      5A       1       1       0   .abs_section_5a
     _IICS                                       5B       1       1       0   .abs_section_5b
     _IICD                                       5C       1       1       0   .abs_section_5c
     _IICC2                                      5D       1       1       0   .abs_section_5d
     _TPM2SC                                     60       1       1       3   .abs_section_60
     _TPM2CNT                                    61       2       2       0   .abs_section_61
     _TPM2MOD                                    63       2       2       1   .abs_section_63
     _TPM2C0SC                                   65       1       1       6   .abs_section_65
     _TPM2C0V                                    66       2       2       3   .abs_section_66
     _TPM2C1SC                                   68       1       1       0   .abs_section_68
     _TPM2C1V                                    69       2       2       0   .abs_section_69
     _RTCSC                                      6C       1       1       0   .abs_section_6c
     _RTCCNT                                     6D       1       1       0   .abs_section_6d
     _RTCMOD                                     6E       1       1       0   .abs_section_6e
     actual                                     100       2       2      10   .bss        
     entrada                                    102       1       1       1   .bss        
     in.1                                       103       2       2       3   .bss        
     indexR                                     105       1       1       4   .bss        
     indexW                                     106       1       1       8   .bss        
     cont                                       107       1       1       4   .bss        
     buffer_tx                                  108      20      32       2   .bss        
     buffer_rx                                  128      20      32       2   .bss        
     flag_n                                     148       1       1       5   .bss        
     indexR                                     149       1       1       6   .bss        
     delay                                      14A       2       2      44   .bss        
     frecuenciaActual                           14C       2       2       9   .bss        
     errorDeReproduccion                        14E       2       2       2   .bss        
     modoActual                                 150       1       1       3   .bss        
     TPM1C1V_aux                                151       2       2       4   .bss        
     NC                                         153       2       2       4   .common     
     NC0                                        155       2       2       2   .common     
     flag_r                                     157       1       1       3   .common     
     flag_e                                     158       1       1       2   .common     
     rxchar                                     159       1       1       2   .common     
     _SRS                                      1800       1       1       0   .abs_section_1800
     _SBDFR                                    1801       1       1       0   .abs_section_1801
     _SOPT1                                    1802       1       1       1   .abs_section_1802
     _SOPT2                                    1803       1       1       1   .abs_section_1803
     _SDID                                     1806       2       2       0   .abs_section_1806
     _SPMSC1                                   1809       1       1       1   .abs_section_1809
     _SPMSC2                                   180A       1       1       1   .abs_section_180a
     _DBGCA                                    1810       2       2       0   .abs_section_1810
     _DBGCB                                    1812       2       2       0   .abs_section_1812
     _DBGF                                     1814       2       2       0   .abs_section_1814
     _DBGC                                     1816       1       1       0   .abs_section_1816
     _DBGT                                     1817       1       1       0   .abs_section_1817
     _DBGS                                     1818       1       1       0   .abs_section_1818
     _FCDIV                                    1820       1       1       0   .abs_section_1820
     _FOPT                                     1821       1       1       0   .abs_section_1821
     _FCNFG                                    1823       1       1       0   .abs_section_1823
     _FPROT                                    1824       1       1       0   .abs_section_1824
     _FSTAT                                    1825       1       1       0   .abs_section_1825
     _FCMD                                     1826       1       1       0   .abs_section_1826
     _PTAPE                                    1840       1       1       0   .abs_section_1840
     _PTASE                                    1841       1       1       1   .abs_section_1841
     _PTADS                                    1842       1       1       1   .abs_section_1842
     _PTASC                                    1844       1       1       0   .abs_section_1844
     _PTAPS                                    1845       1       1       0   .abs_section_1845
     _PTAES                                    1846       1       1       0   .abs_section_1846
     _PTBPE                                    1848       1       1       0   .abs_section_1848
     _PTBSE                                    1849       1       1       1   .abs_section_1849
     _PTBDS                                    184A       1       1       1   .abs_section_184a
     _PTBSC                                    184C       1       1       0   .abs_section_184c
     _PTBPS                                    184D       1       1       0   .abs_section_184d
     _PTBES                                    184E       1       1       0   .abs_section_184e
     _PTCPE                                    1850       1       1       1   .abs_section_1850
     _PTCSE                                    1851       1       1       1   .abs_section_1851
     _PTCDS                                    1852       1       1       1   .abs_section_1852
     _GNGC                                     1853       1       1       1   .abs_section_1853
     loadByte                                  E000       E      14       5   .init       
     Init                                      E00E      6D     109       1   .init       
     _Startup                                  E07B       9       9       1   .init       
     STRING......BIENVENIDOS.AL..1             E092      2C      44       1   .rodata1    
     STRING....ESCOGER.MODO.DE.F.2             E0BE      23      35       1   .rodata1    
     STRING....Modo.F..Sonido.de.3             E0E1      25      37       1   .rodata1    
     STRING....Modo.B..Barrido.d.4             E106      22      34       1   .rodata1    
     STRING....ingresar.la.letra.5             E128      25      37       1   .rodata1    
     STRING....al.modo.deseado..6              E14D      14      20       1   .rodata1    
     STRING....para.confirmar.pr.7             E161      22      34       1   .rodata1    
     STRING....DESDE.ESTE.MOMENT.8             E183      17      23       1   .rodata1    
     STRING...EL.PROGRAMA.SE.SIR.9             E19A      33      51       1   .rodata1    
     STRING....ON..Iniciar.repro.10            E1CD      26      38       1   .rodata1    
     STRING....OFF..Detener.repr.11            E1F3      27      39       1   .rodata1    
     STRING....RESET..Reiniciar..12            E21A      1D      29       1   .rodata1    
     STRING.....para.confirmar.p.13            E237      24      36       1   .rodata1    
     STRING....INGRESAR.LA.FRECU.14            E25B      38      56       1   .rodata1    
     STRING....Rango.de.frecuenc.15            E293      4A      74       1   .rodata1    
     STRING.....para.confirmar.p.16            E2DD      23      35       1   .rodata1    
     STRING....INGRESE.EL.MODO.D.17            E300      29      41       1   .rodata1    
     STRING....T1..5.seg.18                    E329       D      13       1   .rodata1    
     STRING....T2..10.seg.19                   E336       E      14       1   .rodata1    
     STRING....T3..15.seg.20                   E344       E      14       1   .rodata1    
     STRING.....ingresar.el.n.me.21            E352      3D      61       1   .rodata1    
     STRING.para.confirmar.presi.22            E38F      1F      31       1   .rodata1    
     STRING.....OPCION.GUARDADA.23             E3AE      14      20       1   .rodata1    
     STRING.....SE.REALIZARA.UN..24            E3C2      2C      44       1   .rodata1    
     STRING.....SE.REALIZARA.UN..25            E3EE      2D      45       1   .rodata1    
     STRING.....SE.REALIZARA.UN..26            E41B      2D      45       1   .rodata1    
     STRING.....FRECUENCIA.GUARD.27            E448      18      24       1   .rodata1    
     STRING.....EL.ERROR.PRODUCI.28            E460      1E      30       1   .rodata1    
     STRING..FRECUENCIA.SELECION.29            E47E      1F      31       1   .rodata1    
     STRING..Hz.30                             E49D       4       4       1   .rodata1    
     STRING.....COMANDO.ACEPTADO.31            E4A1      18      24       1   .rodata1    
     STRING...ERROR..DEMASIADAS..32            E4B9      27      39       1   .rodata1    
     STRING....Comience.nuevamen.33            E4E0      19      25       1   .rodata1    
     STRING...ERROR..ENTRADA.INV.34            E4F9      1A      26       1   .rodata1    
     STRING....Comience.nuevamen.35            E513      19      25       1   .rodata1    
     STRING...ERROR..FRECUENCIA..36            E52C      23      35       1   .rodata1    
     STRING....Comience.nuevamen.37            E54F      19      25       1   .rodata1    
     MCU_init                                  E568      91     145       1   .text       
     isrVscitx                                 E5F9       9       9       1   .text       
     isrVscirx                                 E602       6       6       1   .text       
     isrVscierr                                E608       1       1       1   .text       
     isrVtpm2ovf                               E609       1       1       1   .text       
     isrVtpm2ch0                               E60A      21      33       1   .text       
     isrVtpm1ovf                               E62B       1       1       1   .text       
     isrVtpm1ch1                               E62C      1E      30       1   .text       
     isrVtpm1ch0                               E64A       1       1       1   .text       
     MEF_init                                  E64B       B      11       6   .text       
     MEF_update                                E656      3A      58       1   .text       
     estado_init                               E690      1A      26       1   .text       
     estado_pedir_f                            E6AA      2E      46       1   .text       
     estado_m1_on                              E6D8      22      34       1   .text       
     estado_m1_off                             E6FA      22      34       1   .text       
     estado_pedir_t                            E71C      3F      63       1   .text       
     estado_m2_on                              E75B      22      34       1   .text       
     estado_m2_off                             E77D      22      34       1   .text       
     verifyFreq                                E79F      25      37       1   .text       
     SCI_send_char                             E7C4      20      32       1   .text       
     SCI_receive_char                          E7E4      3F      63       1   .text       
     SCI_write_string_to_buffer                E823      24      36      21   .text       
     SCI_read_from_buffer                      E847       6       6      13   .text       
     INTERACCION_init                          E84D      7C     124       1   .text       
     INTERACCION_default                       E8C9      6B     107       2   .text       
     INTERACCION_askF                          E934      39      57       1   .text       
     INTERACCION_askB                          E96D      6B     107       1   .text       
     INTERACCION_showB                         E9D8      40      64       1   .text       
     INTERACCION_showF                         EA18      66     102       1   .text       
     INTERACCION_showC                         EA7E       6       6       8   .text       
     INTERACCION_showEBF                       EA84      21      33       1   .text       
     INTERACCION_showEE                        EAA5      21      33       6   .text       
     INTERACCION_showEF                        EAC6      21      33       1   .text       
     INTERACCION_analizeInput                  EAE7      4B      75       1   .text       
     INTERACCION_getInput                      EB32      F3     243      16   .text       
     INTERACCION_getFreq                       EC25      77     119       1   .text       
     numero                                    EC9C       B      11       3   .text       
     letra                                     ECA7      4F      79       1   .text       
     main                                      ECF6      29      41       1   .text       
     SONIDO_init                               ED1F       3       3       1   .text       
     SONIDO_getError                           ED22       4       4       1   .text       
     SONIDO_siguiente_f                        ED26      16      22       1   .text       
     SONIDO_prender_m1                         ED3C      11      17       1   .text       
     SONIDO_prender_m2                         ED4D      1C      28       1   .text       
     SONIDO_apagar                             ED69       E      14       3   .text       
     SONIDO_reanudar                           ED77      14      20       2   .text       
     SONIDO_calcular_NC                        ED8B      4E      78       3   .text       
     SONIDO_calcular_NC0                       EDD9      2D      45       1   .text       
     _PUSH_ARGS_L                              EE06      20      32       1   .text       
     _ENTER_UNARY_L                            EE26      29      41       1   .text       
     _ENTER_BINARY_L_LC                        EE4F      1A      26       1   .text       
     _IDIVMOD                                  EE69      69     105       2   .text       
     _LDIVMOD                                  EED2      A4     164       1   .text       
     _LDIVU_k_is_k_div_j                       EF76      17      23       1   .text       
     _IMUL_STAR08                              EF8D      27      39       1   .text       
     _IDIVU_STAR08                             EFB4       D      13       1   .text       
     _IMODU_STAR08                             EFC1      10      16       1   .text       
     _IDIVU_8                                  EFD1       E      14       1   .text       
     _IMODU_8                                  EFDF      12      18       2   .text       
     _ILSL                                     EFF1       C      12       1   .text       
     _ICMP                                     EFFD      16      22       1   .text       
     _LDIVU_LC                                 F013       6       6       3   .text       
     _LLSL                                     F019      16      22       1   .text       
     _POP32                                    F02F      1A      26       3   .text       
     _Jump_Table_Offset                        F049      19      25       2   .text       
     _Jump_Table_Header_Offset                 F062      24      36       2   .text       
     _Search_Table_8_Offset                    F086      25      37       1   .text       
     abs                                       F0AB      14      20       1   .text       
     NVPROT_INIT                               FFBD       1       1       0   .abs_section_ffbd
     NVOPT_INIT                                FFBF       1       1       0   .abs_section_ffbf
     _vect                                     FFC0      40      64       0   .abs_section_ffc0

*********************************************************************************************
UNUSED-OBJECTS SECTION
---------------------------------------------------------------------------------------------
NOT USED PROCEDURES
rtshc08.o (ansiis.lib):
  _PUSH_ARGS_D _ENTER_UNARY_L64 _ENTER_UNARY_L64_4 _ENTER_BINARY_L 
  _ENTER_BINARY_L_RC _ENTER_BINARY_L64 _ENTER_BINARY_L64_LC 
  _ENTER_BINARY_L64_RC _SPLITSIGN _LADD_k_is_k_plus_j _k_is_k_plus_j_l 
  _k_is_k_plus_j_i _LSUB_k_is_k_minus_j _LAND_k_is_k_and_j _LOR_k_is_k_or_j 
  _LXOR_k_is_k_xor_j _LMUL_k_is_k_mul_j _NEG_L_HX _ABS_L_HX _SPLITSIGN_L 
  _LMODU_k_is_k_mod_j _LMODS_k_is_k_mod_j _LDIVS_k_is_k_div_j _LCMP_k_rel_j 
  _CMP24_k_rel_j _BMULS _BDIVS _BMODS _IDIVS_STAR08 _IMODS_STAR08 _IASR _ILSR 
  _LINC _LDEC _LNEG _LNOT _LADD _LADD_RC _LSUB _LSUB_LC _LSUB_RC _LAND _LAND_RC 
  _LOR _LOR_RC _LXOR _LXOR_RC _LMUL _LMUL_RC _LDIVS _LDIVS_LC _LDIVS_RC _LDIVU 
  _LDIVU_RC _LMODS _LMODS_LC _LMODS_RC _LMODU _LMODU_LC _LMODU_RC _LASR _LLSR 
  _LCMP _LCMP_RC _PUSH_ARGS_24 _ENTER_BINARY_24_RC _ENTER_BINARY_24 _CMP24 
  _CMP24_RC _COPY _COPY_L _POP64 _STORE32 _STORE64 _SEXT8_32 _SEXT16_32 
  _CALL_STAR08 _CALL_STAR08_FAR _Jump_Table_Addr _Jump_Table_Header_Addr 
  _Search_Table_16_Addr _Search_Table_16_Offset _Search_Table_8_Addr _PUSH_CC 
  _POP_CC _CONV_FAR_TO_NEAR _CONV_FAR_TO_LINEAR _CONV_LINEAR_TO_FAR 
stdlib.o (ansiis.lib):
  atexit getenv system mblen mbtowc wctomb mbstowcs wcstombs CheckCharWithBase 
  _strtoul strtoul _strtol strtol _itoa bsearch swap qsort div ldiv labs rand 
  srand 
NOT USED VARIABLES
rtshc08.o (ansiis.lib):
  _PowOfTwo_8 _PowOfTwo_16 _PowOfTwo_32 errno 
stdlib.o (ansiis.lib):
  seed channels errno 

*********************************************************************************************
COPYDOWN SECTION
---------------------------------------------------------------------------------------------
------- ROM-ADDRESS: 0xF0BF ---- SIZE       2 ---
Filling bytes inserted
 0000

*********************************************************************************************
OBJECT-DEPENDENCIES SECTION
---------------------------------------------------------------------------------------------
Init                      USES _startupData loadByte 
_Startup                  USES __SEG_END_SSTACK Init main 
MCU_init                  USES _SOPT1 _SOPT2 _SPMSC1 _SPMSC2 _ICSTRM _ICSSC 
                                _ICSC1 _ICSC2 _GNGC _PTCPE _PTASE _PTBSE _PTCSE 
                                _PTADS _PTBDS _PTCDS _SCIC2 _SCIS1 _SCID _SCIS2 
                                _SCIBD _SCIC1 _SCIC3 _TPM1C1SC _TPM1C1V _TPM1C0SC 
                                _TPM1C0V _TPM1SC _TPM1MOD _TPM2C0SC _TPM2C0V _TPM2SC 
                                _TPM2MOD 
isrVscitx                 USES _SCIS1 SCI_send_char 
isrVscirx                 USES SCI_receive_char 
isrVtpm2ch0               USES NC0 _TPM2C0V SONIDO_siguiente_f _TPM2C0SC 
isrVtpm1ch1               USES NC _TPM1C1V _TPM1C1SC 
MEF_init                  USES actual INTERACCION_init SONIDO_init 
MEF_update                USES actual _Jump_Table_Header_Offset estado_init 
                                estado_pedir_f estado_pedir_t estado_m1_on estado_m1_off 
                                estado_m2_on estado_m2_off INTERACCION_getInput entrada 
estado_init               USES actual INTERACCION_askF INTERACCION_askB 
estado_pedir_f            USES INTERACCION_getFreq in.1 verifyFreq 
                                SONIDO_prender_m1 SONIDO_getError INTERACCION_showF 
                                INTERACCION_default INTERACCION_showEF MEF_init actual 
estado_m1_on              USES INTERACCION_showC MEF_init SONIDO_apagar actual 
                                INTERACCION_showEE 
estado_m1_off             USES INTERACCION_showC MEF_init SONIDO_reanudar 
                                actual INTERACCION_showEE 
estado_pedir_t            USES _Jump_Table_Header_Offset SONIDO_prender_m2 
                                INTERACCION_showEE actual INTERACCION_showB INTERACCION_default 
estado_m2_on              USES INTERACCION_showC MEF_init SONIDO_apagar actual 
                                INTERACCION_showEE 
estado_m2_off             USES INTERACCION_showC MEF_init SONIDO_reanudar 
                                actual INTERACCION_showEE 
verifyFreq                USES _IMODU_8 
SCI_send_char             USES indexW indexR buffer_tx _SCID _SCIC2 
SCI_receive_char          USES _SCIS1 _SCID rxchar cont flag_e indexW 
                                buffer_rx flag_r 
SCI_write_string_to_buffer USES indexW buffer_tx _SCIC2 
SCI_read_from_buffer      USES buffer_rx 
INTERACCION_init          USES STRING......BIENVENIDOS.AL..1 delay 
                                STRING....ESCOGER.MODO.DE.F.2 STRING....Modo.F..Sonido.de.3 
                                STRING....Modo.B..Barrido.d.4 STRING....ingresar.la.letra.5 
                                STRING....al.modo.deseado..6 STRING....para.confirmar.pr.7 
                                SCI_write_string_to_buffer 
INTERACCION_default       USES STRING....DESDE.ESTE.MOMENT.8 delay 
                                STRING...EL.PROGRAMA.SE.SIR.9 STRING....ON..Iniciar.repro.10 
                                STRING....OFF..Detener.repr.11 STRING....RESET..Reiniciar..12 
                                STRING.....para.confirmar.p.13 SCI_write_string_to_buffer 
INTERACCION_askF          USES STRING....INGRESAR.LA.FRECU.14 delay 
                                STRING....Rango.de.frecuenc.15 STRING.....para.confirmar.p.16 
                                SCI_write_string_to_buffer 
INTERACCION_askB          USES STRING....INGRESE.EL.MODO.D.17 delay 
                                STRING....T1..5.seg.18 STRING....T2..10.seg.19 
                                STRING....T3..15.seg.20 STRING.....ingresar.el.n.me.21 
                                STRING.para.confirmar.presi.22 SCI_write_string_to_buffer 
INTERACCION_showB         USES STRING.....OPCION.GUARDADA.23 
                                SCI_write_string_to_buffer delay STRING.....SE.REALIZARA.UN..24 
                                STRING.....SE.REALIZARA.UN..25 STRING.....SE.REALIZARA.UN..26 
INTERACCION_showF         USES _IDIVU_8 _IMODU_8 
                                STRING.....FRECUENCIA.GUARD.27 delay STRING.....EL.ERROR.PRODUCI.28 
                                STRING..FRECUENCIA.SELECION.29 SCI_write_string_to_buffer STRING..Hz.30 
INTERACCION_showC         USES STRING.....COMANDO.ACEPTADO.31 
                                SCI_write_string_to_buffer 
INTERACCION_showEBF       USES STRING...ERROR..DEMASIADAS..32 
                                SCI_write_string_to_buffer delay STRING....Comience.nuevamen.33 
INTERACCION_showEE        USES STRING...ERROR..ENTRADA.INV.34 
                                SCI_write_string_to_buffer delay STRING....Comience.nuevamen.35 
INTERACCION_showEF        USES STRING...ERROR..FRECUENCIA..36 
                                SCI_write_string_to_buffer delay STRING....Comience.nuevamen.37 
INTERACCION_analizeInput  USES indexR numero flag_n letra SCI_read_from_buffer 
INTERACCION_getInput      USES INTERACCION_getInput numero 
                                SCI_read_from_buffer 
INTERACCION_getFreq       USES SCI_read_from_buffer numero _IMUL_STAR08 indexR 
                                _ICMP 
letra                     USES _Jump_Table_Offset _Search_Table_8_Offset 
main                      USES MCU_init MEF_init flag_e INTERACCION_showEBF 
                                flag_r INTERACCION_analizeInput MEF_update 
                                INTERACCION_showEE 
SONIDO_init               USES SONIDO_apagar 
SONIDO_getError           USES errorDeReproduccion 
SONIDO_siguiente_f        USES frecuenciaActual SONIDO_calcular_NC 
SONIDO_prender_m1         USES frecuenciaActual SONIDO_calcular_NC modoActual 
                                NC TPM1C1V_aux 
SONIDO_prender_m2         USES frecuenciaActual SONIDO_calcular_NC modoActual 
                                NC TPM1C1V_aux SONIDO_calcular_NC0 
SONIDO_apagar             USES _TPM1C1V TPM1C1V_aux _TPM1C1SC _TPM2C0SC 
SONIDO_reanudar           USES TPM1C1V_aux _TPM1C1V _TPM1C1SC modoActual 
                                _TPM2C0SC 
SONIDO_calcular_NC        USES frecuenciaActual _LDIVU_LC _POP32 NC _LLSL abs 
                                errorDeReproduccion 
SONIDO_calcular_NC0       USES _ILSL _LDIVU_LC _POP32 NC0 
_ENTER_BINARY_L_LC        USES _PUSH_ARGS_L 
_LDIVU_k_is_k_div_j       USES _LDIVMOD 
_IDIVU_STAR08             USES _IDIVMOD 
_IMODU_STAR08             USES _IDIVMOD 
_IDIVU_8                  USES _IDIVU_STAR08 
_IMODU_8                  USES _IMODU_STAR08 
_LDIVU_LC                 USES _ENTER_BINARY_L_LC _LDIVU_k_is_k_div_j 
_LLSL                     USES _ENTER_UNARY_L 
_vect                     USES isrVscitx isrVscirx isrVscierr isrVtpm2ovf 
                                isrVtpm2ch0 isrVtpm1ovf isrVtpm1ch1 isrVtpm1ch0 _Startup 

*********************************************************************************************
DEPENDENCY TREE
*********************************************************************************************
 main and _Startup Group
 | 
 +- main                
 |  | 
 |  +- MCU_init            
 |  |    
 |  +- MEF_init            
 |  |  | 
 |  |  +- INTERACCION_init    
 |  |  |  | 
 |  |  |  +- SCI_write_string_to_buffer
 |  |  |       
 |  |  +- SONIDO_init         
 |  |     | 
 |  |     +- SONIDO_apagar       
 |  |          
 |  +- INTERACCION_showEBF 
 |  |  | 
 |  |  +- SCI_write_string_to_buffer (see above)
 |  |     
 |  +- INTERACCION_analizeInput
 |  |  | 
 |  |  +- numero              
 |  |  |    
 |  |  +- letra               
 |  |  |  | 
 |  |  |  +- _Jump_Table_Offset  
 |  |  |  |    
 |  |  |  +- _Search_Table_8_Offset
 |  |  |       
 |  |  +- SCI_read_from_buffer
 |  |       
 |  +- MEF_update          
 |  |  | 
 |  |  +- _Jump_Table_Header_Offset
 |  |  |    
 |  |  +- estado_init         
 |  |  |  | 
 |  |  |  +- INTERACCION_askF    
 |  |  |  |  | 
 |  |  |  |  +- SCI_write_string_to_buffer (see above)
 |  |  |  |     
 |  |  |  +- INTERACCION_askB    
 |  |  |     | 
 |  |  |     +- SCI_write_string_to_buffer (see above)
 |  |  |        
 |  |  +- estado_pedir_f      
 |  |  |  | 
 |  |  |  +- INTERACCION_getFreq 
 |  |  |  |  | 
 |  |  |  |  +- SCI_read_from_buffer (see above)
 |  |  |  |  |  
 |  |  |  |  +- numero               (see above)
 |  |  |  |  |  
 |  |  |  |  +- _IMUL_STAR08        
 |  |  |  |  |    
 |  |  |  |  +- _ICMP               
 |  |  |  |       
 |  |  |  +- verifyFreq          
 |  |  |  |  | 
 |  |  |  |  +- _IMODU_8            
 |  |  |  |     | 
 |  |  |  |     +- _IMODU_STAR08       
 |  |  |  |        | 
 |  |  |  |        +- _IDIVMOD            
 |  |  |  |             
 |  |  |  +- SONIDO_prender_m1   
 |  |  |  |  | 
 |  |  |  |  +- SONIDO_calcular_NC  
 |  |  |  |     | 
 |  |  |  |     +- _LDIVU_LC           
 |  |  |  |     |  | 
 |  |  |  |     |  +- _ENTER_BINARY_L_LC  
 |  |  |  |     |  |  | 
 |  |  |  |     |  |  +- _PUSH_ARGS_L        
 |  |  |  |     |  |       
 |  |  |  |     |  +- _LDIVU_k_is_k_div_j 
 |  |  |  |     |     | 
 |  |  |  |     |     +- _LDIVMOD            
 |  |  |  |     |          
 |  |  |  |     +- _POP32              
 |  |  |  |     |    
 |  |  |  |     +- _LLSL               
 |  |  |  |     |  | 
 |  |  |  |     |  +- _ENTER_UNARY_L      
 |  |  |  |     |       
 |  |  |  |     +- abs                 
 |  |  |  |          
 |  |  |  +- SONIDO_getError     
 |  |  |  |    
 |  |  |  +- INTERACCION_showF   
 |  |  |  |  | 
 |  |  |  |  +- _IDIVU_8            
 |  |  |  |  |  | 
 |  |  |  |  |  +- _IDIVU_STAR08       
 |  |  |  |  |     | 
 |  |  |  |  |     +- _IDIVMOD             (see above)
 |  |  |  |  |        
 |  |  |  |  +- _IMODU_8             (see above)
 |  |  |  |  |  
 |  |  |  |  +- SCI_write_string_to_buffer (see above)
 |  |  |  |     
 |  |  |  +- INTERACCION_default 
 |  |  |  |  | 
 |  |  |  |  +- SCI_write_string_to_buffer (see above)
 |  |  |  |     
 |  |  |  +- INTERACCION_showEF  
 |  |  |  |  | 
 |  |  |  |  +- SCI_write_string_to_buffer (see above)
 |  |  |  |     
 |  |  |  +- MEF_init             (see above)
 |  |  |     
 |  |  +- estado_pedir_t      
 |  |  |  | 
 |  |  |  +- _Jump_Table_Header_Offset (see above)
 |  |  |  |  
 |  |  |  +- SONIDO_prender_m2   
 |  |  |  |  | 
 |  |  |  |  +- SONIDO_calcular_NC   (see above)
 |  |  |  |  |  
 |  |  |  |  +- SONIDO_calcular_NC0 
 |  |  |  |     | 
 |  |  |  |     +- _ILSL               
 |  |  |  |     |    
 |  |  |  |     +- _LDIVU_LC            (see above)
 |  |  |  |     |  
 |  |  |  |     +- _POP32               (see above)
 |  |  |  |        
 |  |  |  +- INTERACCION_showEE  
 |  |  |  |  | 
 |  |  |  |  +- SCI_write_string_to_buffer (see above)
 |  |  |  |     
 |  |  |  +- INTERACCION_showB   
 |  |  |  |  | 
 |  |  |  |  +- SCI_write_string_to_buffer (see above)
 |  |  |  |     
 |  |  |  +- INTERACCION_default  (see above)
 |  |  |     
 |  |  +- estado_m1_on        
 |  |  |  | 
 |  |  |  +- INTERACCION_showC   
 |  |  |  |  | 
 |  |  |  |  +- SCI_write_string_to_buffer (see above)
 |  |  |  |     
 |  |  |  +- MEF_init             (see above)
 |  |  |  |  
 |  |  |  +- SONIDO_apagar        (see above)
 |  |  |  |  
 |  |  |  +- INTERACCION_showEE   (see above)
 |  |  |     
 |  |  +- estado_m1_off       
 |  |  |  | 
 |  |  |  +- INTERACCION_showC    (see above)
 |  |  |  |  
 |  |  |  +- MEF_init             (see above)
 |  |  |  |  
 |  |  |  +- SONIDO_reanudar     
 |  |  |  |    
 |  |  |  +- INTERACCION_showEE   (see above)
 |  |  |     
 |  |  +- estado_m2_on        
 |  |  |  | 
 |  |  |  +- INTERACCION_showC    (see above)
 |  |  |  |  
 |  |  |  +- MEF_init             (see above)
 |  |  |  |  
 |  |  |  +- SONIDO_apagar        (see above)
 |  |  |  |  
 |  |  |  +- INTERACCION_showEE   (see above)
 |  |  |     
 |  |  +- estado_m2_off       
 |  |  |  | 
 |  |  |  +- INTERACCION_showC    (see above)
 |  |  |  |  
 |  |  |  +- MEF_init             (see above)
 |  |  |  |  
 |  |  |  +- SONIDO_reanudar      (see above)
 |  |  |  |  
 |  |  |  +- INTERACCION_showEE   (see above)
 |  |  |     
 |  |  +- INTERACCION_getInput
 |  |     | 
 |  |     +- numero               (see above)
 |  |     |  
 |  |     +- SCI_read_from_buffer (see above)
 |  |        
 |  +- INTERACCION_showEE   (see above)
 |     
 +- _Startup            
    | 
    +- Init                
    |  | 
    |  +- loadByte            
    |       
    +- main                 (see above)
       
 _vect               
 | 
 +- isrVscitx           
 |  | 
 |  +- SCI_send_char       
 |       
 +- isrVscirx           
 |  | 
 |  +- SCI_receive_char    
 |       
 +- isrVscierr          
 |    
 +- isrVtpm2ovf         
 |    
 +- isrVtpm2ch0         
 |  | 
 |  +- SONIDO_siguiente_f  
 |     | 
 |     +- SONIDO_calcular_NC   (see above)
 |        
 +- isrVtpm1ovf         
 |    
 +- isrVtpm1ch1         
 |    
 +- isrVtpm1ch0         
 |    
 +- _Startup             (see above)
    
*********************************************************************************************
STATISTIC SECTION
---------------------------------------------------------------------------------------------

ExeFile:
--------
Number of blocks to be downloaded: 7
Total size of all blocks to be downloaded: 4355

